This is LuaHBTeX, Version 1.22.0 (MiKTeX 25.4) (format=lualatex 2025.8.18)  19 AUG 2025 12:18
 restricted system commands enabled.
**light.tex
(./light.tex
LaTeX2e <2025-06-01> patch level 1
L3 programming layer <2025-07-20>
Lua module: luaotfload 2024-12-03 v3.29 Lua based OpenType font support
Lua module: lualibs 2023-07-13 v2.76 ConTeXt Lua standard libraries.
Lua module: lualibs-extended 2023-07-13 v2.76 ConTeXt Lua libraries -- extended 
collection.
luaotfload | conf : Root cache directory is "C:/Users/wb164718/AppData/Local/MiK
TeX/luatex-cache/generic/names".
luaotfload | init : Loading fontloader "fontloader-2023-12-28.lua" from kpse-res
olved path "C:/Program Files/MIKTEX1/tex/luatex/luaotfload/fontloader-2023-12-28
.lua".
Lua-only attribute luaotfload@noligature = 1
luaotfload | init : Context OpenType loader version 3.134
Inserting `luaotfload.node_processor' in `pre_linebreak_filter'.
Inserting `luaotfload.node_processor' in `hpack_filter'.
Inserting `luaotfload.glyph_stream' in `glyph_stream_provider'.
Inserting `luaotfload.define_font' in `define_font'.
Lua-only attribute luaotfload_color_attribute = 2
luaotfload | conf : Root cache directory is "C:/Users/wb164718/AppData/Local/MiK
TeX/luatex-cache/generic/names".
Inserting `luaotfload.harf.strip_prefix' in `find_opentype_file'.
Inserting `luaotfload.harf.strip_prefix' in `find_truetype_file'.
Removing  `luaotfload.glyph_stream' from `glyph_stream_provider'.
Inserting `luaotfload.harf.glyphstream' in `glyph_stream_provider'.
Inserting `luaotfload.harf.finalize_vlist' in `post_linebreak_filter'.
Inserting `luaotfload.harf.finalize_hlist' in `hpack_filter'.
Inserting `luaotfload.cleanup_files' in `wrapup_run'.
Inserting `luaotfload.harf.finalize_unicode' in `finish_pdffile'.
Inserting `luaotfload.glyphinfo' in `glyph_info'.
Lua-only attribute luaotfload.letterspace_done = 3
Inserting `luaotfload.aux.set_sscale_dimens' in `luaotfload.patch_font'.
Inserting `luaotfload.aux.set_font_index' in `luaotfload.patch_font'.
Inserting `luaotfload.aux.patch_cambria_domh' in `luaotfload.patch_font'.
Inserting `luaotfload.aux.fixup_fontdata' in `luaotfload.patch_font_unsafe'.
Inserting `luaotfload.aux.set_capheight' in `luaotfload.patch_font'.
Inserting `luaotfload.aux.set_xheight' in `luaotfload.patch_font'.
Inserting `luaotfload.rewrite_fontname' in `luaotfload.patch_font'.
Inserting `tracingstacklevels' in `input_level_string'. ("C:/Program Files/MIKT
EX1/tex/latex/base/book.cls"
Document Class: book 2025/01/22 v1.4n Standard LaTeX document class
("C:/Program Files/MIKTEX1/tex/latex/base/fleqn.clo"
File: fleqn.clo 2016/12/29 v1.2b Standard LaTeX option (flush left equations)
\mathindent=\skip49
Applying: [2015/01/01] Make \[ robust on input line 50.
LaTeX Info: Redefining \[ on input line 51.
Already applied: [0000/00/00] Make \[ robust on input line 62.
Applying: [2015/01/01] Make \] robust on input line 74.
LaTeX Info: Redefining \] on input line 75.
Already applied: [0000/00/00] Make \] robust on input line 83.
)
("C:/Program Files/MIKTEX1/tex/latex/base/bk11.clo"
File: bk11.clo 2025/01/22 v1.4n Standard LaTeX file (size option)
luaotfload | db : Font names database loaded from C:/Users/wb164718/AppData/Loca
l/MiKTeX/luatex-cache/generic/names/luaotfload-names.luc.gz)
\c@part=\count273
\c@chapter=\count274
\c@section=\count275
\c@subsection=\count276
\c@subsubsection=\count277
\c@paragraph=\count278
\c@subparagraph=\count279
\c@figure=\count280
\c@table=\count281
\abovecaptionskip=\skip50
\belowcaptionskip=\skip51
\bibindent=\dimen147
) (./context.tex)
(./template/book/main.tex (./template/generic/main.tex
(./template/generic/themes.tex
("C:/Program Files/MIKTEX1/tex/latex/xcolor/xcolor.sty"
Package: xcolor 2024/09/29 v3.02 LaTeX color extensions (UK)

("C:/Program Files/MIKTEX1/tex/latex/graphics-cfg/color.cfg"
File: color.cfg 2016/01/02 v1.6 sample color configuration
)
Package xcolor Info: Driver file: luatex.def on input line 274.

("C:/Program Files/MIKTEX1/tex/latex/graphics-def/luatex.def"
File: luatex.def 2024/04/13 v1.2e Graphics/color driver for luatex
)
("C:/Program Files/MIKTEX1/tex/latex/graphics/mathcolor.ltx")
Package xcolor Info: Model `cmy' substituted by `cmy0' on input line 1349.
Package xcolor Info: Model `hsb' substituted by `rgb' on input line 1353.
Package xcolor Info: Model `RGB' extended on input line 1365.
Package xcolor Info: Model `HTML' substituted by `rgb' on input line 1367.
Package xcolor Info: Model `Hsb' substituted by `hsb' on input line 1368.
Package xcolor Info: Model `tHsb' substituted by `hsb' on input line 1369.
Package xcolor Info: Model `HSB' substituted by `hsb' on input line 1370.
Package xcolor Info: Model `Gray' substituted by `gray' on input line 1371.
Package xcolor Info: Model `wave' substituted by `hsb' on input line 1372.
)
(C:/Users/wb164718/AppData/Roaming/MiKTeX/tex/latex/colortbl/colortbl.sty
Package: colortbl 2024/05/26 v1.0h Color table columns (DPC)

("C:/Program Files/MIKTEX1/tex/latex/tools/array.sty"
Package: array 2025/06/08 v2.6j Tabular extension package (FMi)
\col@sep=\dimen148
\ar@mcellbox=\box53
\extrarowheight=\dimen149
\NC@list=\toks17
\extratabsurround=\skip52
\backup@length=\skip53
\ar@cellbox=\box54
)
\everycr=\toks18
\minrowclearance=\skip54
\rownum=\count282
)
(C:/Users/wb164718/AppData/Roaming/MiKTeX/tex/latex/pagecolor/pagecolor.sty
Package: pagecolor 2025-01-28 v1.2d Provides thepagecolor (HMM)
))
(./template/generic/geometry.tex)
("C:/Program Files/MIKTEX1/tex/latex/tools/calc.sty"
Package: calc 2025/03/01 v4.3b Infix arithmetic (KKT,FJ)
\calc@Acount=\count283
\calc@Bcount=\count284
\calc@Adimen=\dimen150
\calc@Bdimen=\dimen151
\calc@Askip=\skip55
\calc@Bskip=\skip56
LaTeX Info: Redefining \setlength on input line 86.
LaTeX Info: Redefining \addtolength on input line 87.
\calc@Ccount=\count285
\calc@Cskip=\skip57
)
(./template/generic/page.tex) (./template/generic/fonts.tex
("C:/Program Files/MIKTEX1/tex/latex/fontspec/fontspec.sty"
("C:/Program Files/MIKTEX1/tex/latex/l3packages/xparse/xparse.sty"
("C:/Program Files/MIKTEX1/tex/latex/l3kernel/expl3.sty"
Package: expl3 2025-07-20 L3 programming layer (loader) 

("C:/Program Files/MIKTEX1/tex/latex/l3backend/l3backend-luatex.def"
File: l3backend-luatex.def 2025-06-09 L3 backend support: PDF output (LuaTeX)
\l__color_backend_stack_int=\count286
Inserting `l3color' in `luaotfload.parse_color'.))
Package: xparse 2024-08-16 L3 Experimental document command parser
)
Package: fontspec 2024/05/11 v2.9e Font selection for XeLaTeX and LuaLaTeX
Lua module: fontspec 2024/05/11 v2.9e Font selection for XeLaTeX and LuaLaTeX
("C:/Program Files/MIKTEX1/tex/latex/fontspec/fontspec-luatex.sty"
Package: fontspec-luatex 2024/05/11 v2.9e Font selection for XeLaTeX and LuaLaT
eX
\l__fontspec_script_int=\count287
\l__fontspec_language_int=\count288
\l__fontspec_strnum_int=\count289
\l__fontspec_tmp_int=\count290
\l__fontspec_tmpa_int=\count291
\l__fontspec_tmpb_int=\count292
\l__fontspec_tmpc_int=\count293
\l__fontspec_em_int=\count294
\l__fontspec_emdef_int=\count295
\l__fontspec_strong_int=\count296
\l__fontspec_strongdef_int=\count297
\l__fontspec_tmpa_dim=\dimen152
\l__fontspec_tmpb_dim=\dimen153
\l__fontspec_tmpc_dim=\dimen154

("C:/Program Files/MIKTEX1/tex/latex/base/fontenc.sty"
Package: fontenc 2024/12/21 v2.1c Standard LaTeX package
)
("C:/Program Files/MIKTEX1/tex/latex/fontspec/fontspec.cfg")))
("C:/Program Files/MIKTEX1/tex/generic/babel/babel.sty"
Package: babel 2025/08/03 v25.12 The multilingual framework for LuaLaTeX, pdfLa
TeX and XeLaTeX

("C:/Program Files/MIKTEX1/tex/generic/babel/luababel.def"
\bbl@readstream=\read2
\l@afrikaans=\language2
Package babel Info: Non-standard hyphenation setup on input line 118.
\l@ancientgreek=\language3
\l@armenian=\language4
\l@assamese=\language5
\l@basque=\language6
\l@belarusian=\language7
\l@bengali=\language8
\l@bokmal=\language9
\l@bulgarian=\language10
\l@catalan=\language11
\l@churchslavonic=\language12
\l@classiclatin=\language13
\l@coptic=\language14
\l@croatian=\language15
\l@czech=\language16
\l@danish=\language17
\l@dutch=\language18
\l@esperanto=\language19
\l@estonian=\language20
\l@ethiopic=\language21
\l@finnish=\language22
\l@french=\language23
\l@friulan=\language24
\l@galician=\language25
\l@georgian=\language26
\l@german=\language27
\l@greek=\language28
\l@gujarati=\language29
\l@hindi=\language30
\l@hungarian=\language31
\l@icelandic=\language32
\l@indonesian=\language33
\l@interlingua=\language34
\l@irish=\language35
\l@italian=\language36
\l@kannada=\language37
\l@kurmanji=\language38
\l@latin=\language39
\l@latvian=\language40
\l@lithuanian=\language41
\l@liturgicallatin=\language42
\l@macedonian=\language43
\l@malayalam=\language44
\l@marathi=\language45
\l@mongolian=\language46
\l@mongolianlmc=\language47
\l@monogreek=\language48
\l@ngerman=\language49
\l@nynorsk=\language50
\l@occitan=\language51
\l@oriya=\language52
\l@pali=\language53
\l@panjabi=\language54
\l@piedmontese=\language55
\l@polish=\language56
\l@portuguese=\language57
\l@romanian=\language58
\l@romansh=\language59
\l@russian=\language60
\l@sanskrit=\language61
\l@serbian=\language62
\l@serbianc=\language63
\l@slovak=\language64
\l@slovenian=\language65
\l@spanish=\language66
\l@swedish=\language67
\l@swissgerman=\language68
\l@tamil=\language69
\l@telugu=\language70
\l@thai=\language71
\l@turkish=\language72
\l@turkmen=\language73
\l@ukenglish=\language74
\l@ukrainian=\language75
\l@uppersorbian=\language76
\l@usenglishmax=\language77
\l@welsh=\language78
\babelcatcodetablenum=\catcodetable14
\bbl@pattcodes=\catcodetable15
)
\babel@savecnt=\count298
LaTeX Encoding Info:    Redeclaring text command \ij (encoding OT1) on input li
ne 2045.
LaTeX Encoding Info:    Redeclaring text command \IJ (encoding OT1) on input li
ne 2047.
LaTeX Encoding Info:    Redeclaring text command \ij (encoding T1) on input lin
e 2049.
LaTeX Encoding Info:    Redeclaring text command \IJ (encoding T1) on input lin
e 2050.
LaTeX Encoding Info:    Ignoring declaration for text command \ij (encoding ?) 
on input line 2051.
LaTeX Encoding Info:    Ignoring declaration for text command \IJ (encoding ?) 
on input line 2053.
LaTeX Encoding Info:    Ignoring declaration for text command \SS (encoding ?) 
on input line 2078.
\U@D=\dimen155
\l@unhyphenated=\language79

("C:/Program Files/MIKTEX1/tex/generic/babel/luababel.def"
\bbl@attr@locale=\attribute4
)
*************************************
* Local config file bblopts.cfg used
*
("C:/Program Files/MIKTEX1/tex/latex/arabi/bblopts.cfg"
File: bblopts.cfg 2005/09/08 v0.1 add Arabic and Farsi to "declared" options of
 babel
)
("C:/Program Files/MIKTEX1/tex/latex/babel-english/english.ldf"
Language: english 2017/06/06 v3.3r English support from the babel system

("C:/Program Files/MIKTEX1/tex/generic/babel/locale/en/babel-english.tex"
Package babel Info: Importing font and identification data for english
(babel)             from babel-en.ini. Reported on input line 12.
)
Package babel Info: Hyphen rules for 'canadian' set to \l@english
(babel)             (\language0). Reported on input line 102.
Package babel Info: Hyphen rules for 'australian' set to \l@ukenglish
(babel)             (\language74). Reported on input line 105.
Package babel Info: Hyphen rules for 'newzealand' set to \l@ukenglish
(babel)             (\language74). Reported on input line 108.
))
(C:/Users/wb164718/AppData/Roaming/MiKTeX/tex/latex/microtype/microtype.sty
Package: microtype 2024/03/29 v3.1b Micro-typographical refinements (RS)

("C:/Program Files/MIKTEX1/tex/latex/graphics/keyval.sty"
Package: keyval 2022/05/29 v1.15 key=value parser (DPC)
\KV@toks@=\toks19
)
("C:/Program Files/MIKTEX1/tex/latex/etoolbox/etoolbox.sty"
Package: etoolbox 2025/02/11 v2.5l e-TeX tools for LaTeX (JAW)
\etb@tempcnta=\count299
)
\MT@toks=\toks20
\MT@tempbox=\box55
\MT@count=\count300
LaTeX Info: Redefining \noprotrusionifhmode on input line 1061.
LaTeX Info: Redefining \leftprotrusion on input line 1062.
\MT@prot@toks=\toks21
LaTeX Info: Redefining \rightprotrusion on input line 1081.
LaTeX Info: Redefining \textls on input line 1392.
\MT@outer@kern=\dimen156
LaTeX Info: Redefining \textmicrotypecontext on input line 2013.
\MT@listname@count=\count301

(C:/Users/wb164718/AppData/Roaming/MiKTeX/tex/latex/microtype/microtype-luatex.
def
File: microtype-luatex.def 2024/03/29 v3.1b Definitions specific to luatex (RS)

Lua module: microtype 2024/03/29 v3.1b microtype module.
Module microtype Info: overwriting function `keepligature' on input line 63
LaTeX Info: Redefining \lsstyle on input line 693.
LaTeX Info: Redefining \lslig on input line 693.
\MT@outer@space=\skip58
)
Package microtype Info: Loading configuration file microtype.cfg.

(C:/Users/wb164718/AppData/Roaming/MiKTeX/tex/latex/microtype/microtype.cfg
File: microtype.cfg 2024/03/29 v3.1b microtype main configuration file (RS)
))

Package fontspec Info: 
(fontspec)             Inconsolata-LGC.otf scale = 0.9464019525306435.


Package fontspec Info: 
(fontspec)             Inconsolata-LGC scale = 0.9464019525306435.


Package fontspec Info: 
(fontspec)             Inconsolata-LGC-Bold scale = 0.9464019525306435.


Package fontspec Info: 
(fontspec)             Inconsolata-LGC-Italic scale = 0.9464019525306435.


Package fontspec Info: 
(fontspec)             Inconsolata-LGC-BoldItalic scale = 0.9464019525306435.


Package fontspec Info: 
(fontspec)             Font family 'Inconsolata-LGC(0)' created for font
(fontspec)             'Inconsolata-LGC' with options
(fontspec)             [Path=template/generic/fonts/inconsolata/,Ligatures=TeX,
Scale=MatchUppercase,UprightFont
(fontspec)             = *.otf,BoldFont = *-Bold.otf,ItalicFont =
(fontspec)             *-Italic.otf,BoldItalicFont = *-BoldItalic.otf].
(fontspec)              
(fontspec)              This font family consists of the following NFSS
(fontspec)             series/shapes:
(fontspec)              
(fontspec)             - 'normal' (m/n) with NFSS spec.:
(fontspec)             <->s*[0.9464019525306435]"[template/generic/fonts/incons
olata/Inconsolata-LGC.otf]:mode=node;script=latn;language=dflt;+tlig;"
(fontspec)             - 'bold' (b/n) with NFSS spec.:
(fontspec)             <->s*[0.9464019525306435]"[template/generic/fonts/incons
olata/Inconsolata-LGC-Bold.otf]:mode=node;script=latn;language=dflt;+tlig;"
(fontspec)             - 'italic' (m/it) with NFSS spec.:
(fontspec)             <->s*[0.9464019525306435]"[template/generic/fonts/incons
olata/Inconsolata-LGC-Italic.otf]:mode=node;script=latn;language=dflt;+tlig;"
(fontspec)             - 'bold italic' (b/it) with NFSS spec.:
(fontspec)             <->s*[0.9464019525306435]"[template/generic/fonts/incons
olata/Inconsolata-LGC-BoldItalic.otf]:mode=node;script=latn;language=dflt;+tlig
;"

)
(./template/generic/titles.tex
("C:/Program Files/MIKTEX1/tex/latex/titlesec/titlesec.sty"
Package: titlesec 2025/01/04 v2.17 Sectioning titles
\ttl@box=\box56
\beforetitleunit=\skip59
\aftertitleunit=\skip60
\ttl@plus=\dimen157
\ttl@minus=\dimen158
\ttl@toksa=\toks22
\titlewidth=\dimen159
\titlewidthlast=\dimen160
\titlewidthfirst=\dimen161
))
(./template/generic/math.tex)
("C:/Program Files/MIKTEX1/tex/latex/amsmath/amsmath.sty"
Package: amsmath 2025/06/16 v2.17y AMS math features
\@mathmargin=\skip61

For additional information on amsmath, use the `?' option.
("C:/Program Files/MIKTEX1/tex/latex/amsmath/amstext.sty"
Package: amstext 2024/11/17 v2.01 AMS text

("C:/Program Files/MIKTEX1/tex/latex/amsmath/amsgen.sty"
File: amsgen.sty 1999/11/30 v2.0 generic functions
\@emptytoks=\toks23
\ex@=\dimen162
))
("C:/Program Files/MIKTEX1/tex/latex/amsmath/amsbsy.sty"
Package: amsbsy 1999/11/29 v1.2d Bold Symbols
\pmbraise@=\dimen163
)
("C:/Program Files/MIKTEX1/tex/latex/amsmath/amsopn.sty"
Package: amsopn 2022/04/08 v2.04 operator names
)
\inf@bad=\count302
LaTeX Info: Redefining \frac on input line 235.
\uproot@=\count303
\leftroot@=\count304
LaTeX Info: Redefining \overline on input line 398.
LaTeX Info: Redefining \colon on input line 409.
\classnum@=\count305
\DOTSCASE@=\count306
LaTeX Info: Redefining \ldots on input line 495.
LaTeX Info: Redefining \dots on input line 498.
LaTeX Info: Redefining \cdots on input line 619.
\Mathstrutbox@=\box57
\strutbox@=\box58
LaTeX Info: Redefining \big on input line 721.
LaTeX Info: Redefining \Big on input line 722.
LaTeX Info: Redefining \bigg on input line 723.
LaTeX Info: Redefining \Bigg on input line 724.
\big@size=\dimen164
LaTeX Font Info:    Redeclaring font encoding OML on input line 742.
LaTeX Font Info:    Redeclaring font encoding OMS on input line 743.
\macc@depth=\count307
LaTeX Info: Redefining \bmod on input line 904.
LaTeX Info: Redefining \pmod on input line 909.
LaTeX Info: Redefining \smash on input line 939.
LaTeX Info: Redefining \relbar on input line 969.
LaTeX Info: Redefining \Relbar on input line 970.
\c@MaxMatrixCols=\count308
\dotsspace@=\muskip17
\c@parentequation=\count309
\dspbrk@lvl=\count310
\tag@help=\toks24
\row@=\count311
\column@=\count312
\maxfields@=\count313
\andhelp@=\toks25
\eqnshift@=\dimen165
\alignsep@=\dimen166
\tagshift@=\dimen167
\tagwidth@=\dimen168
\totwidth@=\dimen169
\lineht@=\dimen170
\@envbody=\toks26
\multlinegap=\skip62
\multlinetaggap=\skip63
\mathdisplay@stack=\toks27
LaTeX Info: Redefining \[ on input line 2949.
LaTeX Info: Redefining \] on input line 2950.
)
("C:/Program Files/MIKTEX1/tex/latex/amsfonts/amsfonts.sty"
Package: amsfonts 2013/01/14 v3.01 Basic AMSFonts support
\symAMSa=\mathgroup4
\symAMSb=\mathgroup5
LaTeX Font Info:    Redeclaring math symbol \hbar on input line 98.
LaTeX Font Info:    Overwriting math alphabet `\mathfrak' in version `bold'
(Font)                  U/euf/m/n --> U/euf/b/n on input line 106.
)
("C:/Program Files/MIKTEX1/tex/latex/amsfonts/amssymb.sty"
Package: amssymb 2013/01/14 v3.01 AMS font symbols
)
(C:/Users/wb164718/AppData/Roaming/MiKTeX/tex/latex/amscls/amsthm.sty
Package: amsthm 2020/05/29 v2.20.6
\thm@style=\toks28
\thm@bodyfont=\toks29
\thm@headfont=\toks30
\thm@notefont=\toks31
\thm@headpunct=\toks32
\thm@preskip=\skip64
\thm@postskip=\skip65
\thm@headsep=\skip66
\dth@everypar=\toks33
)
(./template/generic/links.tex
("C:/Program Files/MIKTEX1/tex/latex/hyperref/hyperref.sty"
Package: hyperref 2025-07-12 v7.01o Hypertext links for LaTeX

("C:/Program Files/MIKTEX1/tex/generic/iftex/iftex.sty"
Package: iftex 2024/12/12 v1.0g TeX engine tests
)
(C:/Users/wb164718/AppData/Roaming/MiKTeX/tex/latex/kvsetkeys/kvsetkeys.sty
Package: kvsetkeys 2022-10-05 v1.19 Key value parser (HO)
)
(C:/Users/wb164718/AppData/Roaming/MiKTeX/tex/generic/kvdefinekeys/kvdefinekeys
.sty
Package: kvdefinekeys 2019-12-19 v1.6 Define keys (HO)
)
(C:/Users/wb164718/AppData/Roaming/MiKTeX/tex/generic/pdfescape/pdfescape.sty
Package: pdfescape 2019/12/09 v1.15 Implements pdfTeX's escape features (HO)

(C:/Users/wb164718/AppData/Roaming/MiKTeX/tex/generic/ltxcmds/ltxcmds.sty
Package: ltxcmds 2023-12-04 v1.26 LaTeX kernel commands for general use (HO)
)
("C:/Program Files/MIKTEX1/tex/generic/pdftexcmds/pdftexcmds.sty"
Package: pdftexcmds 2020-06-27 v0.33 Utility functions of pdfTeX for LuaTeX (HO
)

(C:/Users/wb164718/AppData/Roaming/MiKTeX/tex/generic/infwarerr/infwarerr.sty
Package: infwarerr 2019/12/03 v1.5 Providing info/warning/error messages (HO)
)
Package pdftexcmds Info: \pdf@primitive is available.
Package pdftexcmds Info: \pdf@ifprimitive is available.
Package pdftexcmds Info: \pdfdraftmode found.
\pdftexcmds@toks=\toks34
)) (C:/Users/wb164718/AppData/Roaming/MiKTeX/tex/latex/hycolor/hycolor.sty
Package: hycolor 2020-01-27 v1.10 Color options for hyperref/bookmark (HO)
)
("C:/Program Files/MIKTEX1/tex/latex/hyperref/nameref.sty"
Package: nameref 2025-06-21 v2.57 Cross-referencing by name of section

(C:/Users/wb164718/AppData/Roaming/MiKTeX/tex/latex/refcount/refcount.sty
Package: refcount 2019/12/15 v3.6 Data extraction from label references (HO)
)
(C:/Users/wb164718/AppData/Roaming/MiKTeX/tex/generic/gettitlestring/gettitlest
ring.sty
Package: gettitlestring 2019/12/15 v1.6 Cleanup title references (HO)

(C:/Users/wb164718/AppData/Roaming/MiKTeX/tex/latex/kvoptions/kvoptions.sty
Package: kvoptions 2022-06-15 v3.15 Key value format for package options (HO)
))
\c@section@level=\count314
)
(C:/Users/wb164718/AppData/Roaming/MiKTeX/tex/generic/stringenc/stringenc.sty
Package: stringenc 2019/11/29 v1.12 Convert strings between diff. encodings (HO
)
)
\@linkdim=\dimen171
\Hy@linkcounter=\count315
\Hy@pagecounter=\count316

("C:/Program Files/MIKTEX1/tex/latex/hyperref/pd1enc.def"
File: pd1enc.def 2025-07-12 v7.01o Hyperref: PDFDocEncoding definition (HO)
)
(C:/Users/wb164718/AppData/Roaming/MiKTeX/tex/generic/intcalc/intcalc.sty
Package: intcalc 2019/12/15 v1.3 Expandable calculations with integers (HO)
)
\Hy@SavedSpaceFactor=\count317

("C:/Program Files/MIKTEX1/tex/latex/hyperref/puenc.def"
File: puenc.def 2025-07-12 v7.01o Hyperref: PDF Unicode definition (HO)
)
Package hyperref Info: Hyper figures OFF on input line 4195.
Package hyperref Info: Link nesting OFF on input line 4200.
Package hyperref Info: Hyper index ON on input line 4203.
Package hyperref Info: Plain pages OFF on input line 4210.
Package hyperref Info: Backreferencing OFF on input line 4215.
Package hyperref Info: Implicit mode ON; LaTeX internals redefined.
Package hyperref Info: Bookmarks ON on input line 4462.
\c@Hy@tempcnt=\count318

("C:/Program Files/MIKTEX1/tex/latex/url/url.sty"
\Urlmuskip=\muskip18
Package: url 2013/09/16  ver 3.4  Verb mode for urls, etc.
)
LaTeX Info: Redefining \url on input line 4801.
\XeTeXLinkMargin=\dimen172

(C:/Users/wb164718/AppData/Roaming/MiKTeX/tex/generic/bitset/bitset.sty
Package: bitset 2019/12/09 v1.3 Handle bit-vector datatype (HO)

(C:/Users/wb164718/AppData/Roaming/MiKTeX/tex/generic/bigintcalc/bigintcalc.sty
Package: bigintcalc 2019/12/15 v1.5 Expandable calculations on big integers (HO
)
))
\Fld@menulength=\count319
\Field@Width=\dimen173
\Fld@charsize=\dimen174
Package hyperref Info: Hyper figures OFF on input line 6078.
Package hyperref Info: Link nesting OFF on input line 6083.
Package hyperref Info: Hyper index ON on input line 6086.
Package hyperref Info: backreferencing OFF on input line 6093.
Package hyperref Info: Link coloring OFF on input line 6098.
Package hyperref Info: Link coloring with OCG OFF on input line 6103.
Package hyperref Info: PDF/A mode OFF on input line 6108.
\Hy@abspage=\count320
\c@Item=\count321
\c@Hfootnote=\count322
)
Package hyperref Info: Driver (autodetected): hluatex.
 ("C:/Program Files/MIKTEX1/tex/latex/hyperref/hluatex.def"
File: hluatex.def 2025-07-12 v7.01o Hyperref driver for luaTeX
\Fld@listcount=\count323
\c@bookmark@seq@number=\count324

(C:/Users/wb164718/AppData/Roaming/MiKTeX/tex/latex/rerunfilecheck/rerunfileche
ck.sty
Package: rerunfilecheck 2022-07-10 v1.10 Rerun checks for auxiliary files (HO)
 ("C:/Program Files/MIKTEX1/tex/latex/base/atveryend-ltx.sty"
Package: atveryend-ltx 2020/08/19 v1.0a Emulation of the original atveryend pac
kage
with kernel methods
)
(C:/Users/wb164718/AppData/Roaming/MiKTeX/tex/generic/uniquecounter/uniquecount
er.sty
Package: uniquecounter 2019/12/15 v1.4 Provide unlimited unique counter (HO)
)
Package uniquecounter Info: New unique counter `rerunfilecheck' on input line 2
85.
)
\Hy@SectionHShift=\skip67
)
(C:/Users/wb164718/AppData/Roaming/MiKTeX/tex/latex/bookmark/bookmark.sty
Package: bookmark 2023-12-10 v1.31 PDF bookmarks (HO)

(C:/Users/wb164718/AppData/Roaming/MiKTeX/tex/latex/bookmark/bkm-pdftex.def
File: bkm-pdftex.def 2023-12-10 v1.31 bookmark driver for pdfTeX and luaTeX (HO
)
\BKM@id=\count325
))
(C:/Users/wb164718/AppData/Roaming/MiKTeX/tex/latex/hypcap/hypcap.sty
Package: hypcap 2024-07-26 v1.13 Adjusting the anchors of captions (HO)

(C:/Users/wb164718/AppData/Roaming/MiKTeX/tex/latex/letltxmacro/letltxmacro.sty
Package: letltxmacro 2019/12/03 v1.6 Let assignment for LaTeX macros (HO)
))

Package hyperref Warning: Option `backref' has already been used,
(hyperref)                setting the option has no effect on input line 20.


Package hyperref Warning: Option `pagebackref' has already been used,
(hyperref)                setting the option has no effect on input line 20.


Package hyperref Warning: Option `hyperindex' has already been used,
(hyperref)                setting the option has no effect on input line 20.

Package hyperref Info: Option `colorlinks' set `true' on input line 20.
Package hyperref Info: Option `breaklinks' set `true' on input line 20.

Package hyperref Warning: Option `bookmarks' has already been used,
(hyperref)                setting the option has no effect on input line 20.

Package hyperref Info: Option `bookmarksopen' set `false' on input line 20.

Package hyperref Warning: Token not allowed in a PDF string (Unicode):
(hyperref)                removing `\\' on input line 20.

) (./template/generic/lists.tex
(C:/Users/wb164718/AppData/Roaming/MiKTeX/tex/latex/enumitem/enumitem.sty
Package: enumitem 2019/06/20 v3.9 Customized lists
\labelindent=\skip68
\enit@outerparindent=\dimen175
\enit@toks=\toks35
\enit@inbox=\box59
\enit@count@id=\count326
\enitdp@description=\count327
))
(./template/generic/syntax.tex
("C:/Program Files/MIKTEX1/tex/latex/listings/listings.sty"
\lst@mode=\count328
\lst@gtempboxa=\box60
\lst@token=\toks36
\lst@length=\count329
\lst@currlwidth=\dimen176
\lst@column=\count330
\lst@pos=\count331
\lst@lostspace=\dimen177
\lst@width=\dimen178
\lst@newlines=\count332
\lst@lineno=\count333
\lst@maxwidth=\dimen179

("C:/Program Files/MIKTEX1/tex/latex/listings/lstpatch.sty"
File: lstpatch.sty 2024/09/23 1.10c (Carsten Heinz)
)
("C:/Program Files/MIKTEX1/tex/latex/listings/lstmisc.sty"
File: lstmisc.sty 2024/09/23 1.10c (Carsten Heinz)
\c@lstnumber=\count334
\lst@skipnumbers=\count335
\lst@framebox=\box61
)
("C:/Program Files/MIKTEX1/tex/latex/listings/listings.cfg"
File: listings.cfg 2024/09/23 1.10c listings configuration
))
Package: listings 2024/09/23 1.10c (Carsten Heinz)

(./template/generic/syntax/solidity.tex)) (./template/generic/headers.tex
(C:/Users/wb164718/AppData/Roaming/MiKTeX/tex/latex/fancyhdr/fancyhdr.sty
Package: fancyhdr 2024/04/23 v4.2 Extensive control of page headers and footers

\f@nch@headwidth=\skip69
\f@nch@O@elh=\skip70
\f@nch@O@erh=\skip71
\f@nch@O@olh=\skip72
\f@nch@O@orh=\skip73
\f@nch@O@elf=\skip74
\f@nch@O@erf=\skip75
\f@nch@O@olf=\skip76
\f@nch@O@orf=\skip77
))
(./template/generic/boxes.tex
("C:/Program Files/MIKTEX1/tex/latex/tcolorbox/tcolorbox.sty"
Package: tcolorbox 2025/07/08 version 6.7.1 text color boxes

("C:/Program Files/MIKTEX1/tex/latex/pgf/frontendlayer/tikz.sty"
("C:/Program Files/MIKTEX1/tex/latex/pgf/basiclayer/pgf.sty"
("C:/Program Files/MIKTEX1/tex/latex/pgf/utilities/pgfrcs.sty"
("C:/Program Files/MIKTEX1/tex/generic/pgf/utilities/pgfutil-common.tex"
\pgfutil@everybye=\toks37
\pgfutil@tempdima=\dimen180
\pgfutil@tempdimb=\dimen181
)
("C:/Program Files/MIKTEX1/tex/generic/pgf/utilities/pgfutil-latex.def"
\pgfutil@abb=\box62
)
("C:/Program Files/MIKTEX1/tex/generic/pgf/utilities/pgfrcs.code.tex"
("C:/Program Files/MIKTEX1/tex/generic/pgf/pgf.revision.tex")
Package: pgfrcs 2023-01-15 v3.1.10 (3.1.10)
))
Package: pgf 2023-01-15 v3.1.10 (3.1.10)

("C:/Program Files/MIKTEX1/tex/latex/pgf/basiclayer/pgfcore.sty"
("C:/Program Files/MIKTEX1/tex/latex/graphics/graphicx.sty"
Package: graphicx 2024/12/31 v1.2e Enhanced LaTeX Graphics (DPC,SPQR)

("C:/Program Files/MIKTEX1/tex/latex/graphics/graphics.sty"
Package: graphics 2024/08/06 v1.4g Standard LaTeX Graphics (DPC,SPQR)

("C:/Program Files/MIKTEX1/tex/latex/graphics/trig.sty"
Package: trig 2023/12/02 v1.11 sin cos tan (DPC)
)
("C:/Program Files/MIKTEX1/tex/latex/graphics-cfg/graphics.cfg"
File: graphics.cfg 2016/06/04 v1.11 sample graphics configuration
)
Package graphics Info: Driver file: luatex.def on input line 106.
)
\Gin@req@height=\dimen182
\Gin@req@width=\dimen183
)
("C:/Program Files/MIKTEX1/tex/latex/pgf/systemlayer/pgfsys.sty"
("C:/Program Files/MIKTEX1/tex/generic/pgf/systemlayer/pgfsys.code.tex"
Package: pgfsys 2023-01-15 v3.1.10 (3.1.10)

("C:/Program Files/MIKTEX1/tex/generic/pgf/utilities/pgfkeys.code.tex"
\pgfkeys@pathtoks=\toks38
\pgfkeys@temptoks=\toks39

("C:/Program Files/MIKTEX1/tex/generic/pgf/utilities/pgfkeyslibraryfiltered.cod
e.tex"
\pgfkeys@tmptoks=\toks40
))
\pgf@x=\dimen184
\pgf@y=\dimen185
\pgf@xa=\dimen186
\pgf@ya=\dimen187
\pgf@xb=\dimen188
\pgf@yb=\dimen189
\pgf@xc=\dimen190
\pgf@yc=\dimen191
\pgf@xd=\dimen192
\pgf@yd=\dimen193
\w@pgf@writea=\write3
\r@pgf@reada=\read3
\c@pgf@counta=\count336
\c@pgf@countb=\count337
\c@pgf@countc=\count338
\c@pgf@countd=\count339
\t@pgf@toka=\toks41
\t@pgf@tokb=\toks42
\t@pgf@tokc=\toks43
\pgf@sys@id@count=\count340
 ("C:/Program Files/MIKTEX1/tex/generic/pgf/systemlayer/pgf.cfg"
File: pgf.cfg 2023-01-15 v3.1.10 (3.1.10)
)
Driver file for pgf: pgfsys-luatex.def

("C:/Program Files/MIKTEX1/tex/generic/pgf/systemlayer/pgfsys-luatex.def"
File: pgfsys-luatex.def 2023-01-15 v3.1.10 (3.1.10)

("C:/Program Files/MIKTEX1/tex/generic/pgf/systemlayer/pgfsys-common-pdf.def"
File: pgfsys-common-pdf.def 2023-01-15 v3.1.10 (3.1.10)
))) ("C:/Program Files/MIKTEX1/tex/generic/pgf/systemlayer/pgfsyssoftpath.code.
tex"
File: pgfsyssoftpath.code.tex 2023-01-15 v3.1.10 (3.1.10)
\pgfsyssoftpath@smallbuffer@items=\count341
\pgfsyssoftpath@bigbuffer@items=\count342
)
("C:/Program Files/MIKTEX1/tex/generic/pgf/systemlayer/pgfsysprotocol.code.tex"
File: pgfsysprotocol.code.tex 2023-01-15 v3.1.10 (3.1.10)
)) ("C:/Program Files/MIKTEX1/tex/generic/pgf/basiclayer/pgfcore.code.tex"
Package: pgfcore 2023-01-15 v3.1.10 (3.1.10)

("C:/Program Files/MIKTEX1/tex/generic/pgf/math/pgfmath.code.tex"
("C:/Program Files/MIKTEX1/tex/generic/pgf/math/pgfmathutil.code.tex")
("C:/Program Files/MIKTEX1/tex/generic/pgf/math/pgfmathparser.code.tex"
\pgfmath@dimen=\dimen194
\pgfmath@count=\count343
\pgfmath@box=\box63
\pgfmath@toks=\toks44
\pgfmath@stack@operand=\toks45
\pgfmath@stack@operation=\toks46
)
("C:/Program Files/MIKTEX1/tex/generic/pgf/math/pgfmathfunctions.code.tex")
("C:/Program Files/MIKTEX1/tex/generic/pgf/math/pgfmathfunctions.basic.code.tex
")
("C:/Program Files/MIKTEX1/tex/generic/pgf/math/pgfmathfunctions.trigonometric.
code.tex")
("C:/Program Files/MIKTEX1/tex/generic/pgf/math/pgfmathfunctions.random.code.te
x")
("C:/Program Files/MIKTEX1/tex/generic/pgf/math/pgfmathfunctions.comparison.cod
e.tex")
("C:/Program Files/MIKTEX1/tex/generic/pgf/math/pgfmathfunctions.base.code.tex"
)
("C:/Program Files/MIKTEX1/tex/generic/pgf/math/pgfmathfunctions.round.code.tex
")
("C:/Program Files/MIKTEX1/tex/generic/pgf/math/pgfmathfunctions.misc.code.tex"
)
("C:/Program Files/MIKTEX1/tex/generic/pgf/math/pgfmathfunctions.integerarithme
tics.code.tex")
("C:/Program Files/MIKTEX1/tex/generic/pgf/math/pgfmathcalc.code.tex")
("C:/Program Files/MIKTEX1/tex/generic/pgf/math/pgfmathfloat.code.tex"
\c@pgfmathroundto@lastzeros=\count344
))
("C:/Program Files/MIKTEX1/tex/generic/pgf/math/pgfint.code.tex")
("C:/Program Files/MIKTEX1/tex/generic/pgf/basiclayer/pgfcorepoints.code.tex"
File: pgfcorepoints.code.tex 2023-01-15 v3.1.10 (3.1.10)
\pgf@picminx=\dimen195
\pgf@picmaxx=\dimen196
\pgf@picminy=\dimen197
\pgf@picmaxy=\dimen198
\pgf@pathminx=\dimen199
\pgf@pathmaxx=\dimen256
\pgf@pathminy=\dimen257
\pgf@pathmaxy=\dimen258
\pgf@xx=\dimen259
\pgf@xy=\dimen260
\pgf@yx=\dimen261
\pgf@yy=\dimen262
\pgf@zx=\dimen263
\pgf@zy=\dimen264
)
("C:/Program Files/MIKTEX1/tex/generic/pgf/basiclayer/pgfcorepathconstruct.code
.tex"
File: pgfcorepathconstruct.code.tex 2023-01-15 v3.1.10 (3.1.10)
\pgf@path@lastx=\dimen265
\pgf@path@lasty=\dimen266
)
("C:/Program Files/MIKTEX1/tex/generic/pgf/basiclayer/pgfcorepathusage.code.tex
"
File: pgfcorepathusage.code.tex 2023-01-15 v3.1.10 (3.1.10)
\pgf@shorten@end@additional=\dimen267
\pgf@shorten@start@additional=\dimen268
) ("C:/Program Files/MIKTEX1/tex/generic/pgf/basiclayer/pgfcorescopes.code.tex"
File: pgfcorescopes.code.tex 2023-01-15 v3.1.10 (3.1.10)
\pgfpic=\box64
\pgf@hbox=\box65
\pgf@layerbox@main=\box66
\pgf@picture@serial@count=\count345
)
("C:/Program Files/MIKTEX1/tex/generic/pgf/basiclayer/pgfcoregraphicstate.code.
tex"
File: pgfcoregraphicstate.code.tex 2023-01-15 v3.1.10 (3.1.10)
\pgflinewidth=\dimen269
)
("C:/Program Files/MIKTEX1/tex/generic/pgf/basiclayer/pgfcoretransformations.co
de.tex"
File: pgfcoretransformations.code.tex 2023-01-15 v3.1.10 (3.1.10)
\pgf@pt@x=\dimen270
\pgf@pt@y=\dimen271
\pgf@pt@temp=\dimen272
)
("C:/Program Files/MIKTEX1/tex/generic/pgf/basiclayer/pgfcorequick.code.tex"
File: pgfcorequick.code.tex 2023-01-15 v3.1.10 (3.1.10)
)
("C:/Program Files/MIKTEX1/tex/generic/pgf/basiclayer/pgfcoreobjects.code.tex"
File: pgfcoreobjects.code.tex 2023-01-15 v3.1.10 (3.1.10)
)
("C:/Program Files/MIKTEX1/tex/generic/pgf/basiclayer/pgfcorepathprocessing.cod
e.tex"
File: pgfcorepathprocessing.code.tex 2023-01-15 v3.1.10 (3.1.10)
)
("C:/Program Files/MIKTEX1/tex/generic/pgf/basiclayer/pgfcorearrows.code.tex"
File: pgfcorearrows.code.tex 2023-01-15 v3.1.10 (3.1.10)
\pgfarrowsep=\dimen273
)
("C:/Program Files/MIKTEX1/tex/generic/pgf/basiclayer/pgfcoreshade.code.tex"
File: pgfcoreshade.code.tex 2023-01-15 v3.1.10 (3.1.10)
\pgf@max=\dimen274
\pgf@sys@shading@range@num=\count346
\pgf@shadingcount=\count347
)
("C:/Program Files/MIKTEX1/tex/generic/pgf/basiclayer/pgfcoreimage.code.tex"
File: pgfcoreimage.code.tex 2023-01-15 v3.1.10 (3.1.10)
)
("C:/Program Files/MIKTEX1/tex/generic/pgf/basiclayer/pgfcoreexternal.code.tex"
File: pgfcoreexternal.code.tex 2023-01-15 v3.1.10 (3.1.10)
\pgfexternal@startupbox=\box67
) ("C:/Program Files/MIKTEX1/tex/generic/pgf/basiclayer/pgfcorelayers.code.tex"
File: pgfcorelayers.code.tex 2023-01-15 v3.1.10 (3.1.10)
)
("C:/Program Files/MIKTEX1/tex/generic/pgf/basiclayer/pgfcoretransparency.code.
tex"
File: pgfcoretransparency.code.tex 2023-01-15 v3.1.10 (3.1.10)
)
("C:/Program Files/MIKTEX1/tex/generic/pgf/basiclayer/pgfcorepatterns.code.tex"
File: pgfcorepatterns.code.tex 2023-01-15 v3.1.10 (3.1.10)
) ("C:/Program Files/MIKTEX1/tex/generic/pgf/basiclayer/pgfcorerdf.code.tex"
File: pgfcorerdf.code.tex 2023-01-15 v3.1.10 (3.1.10)
))) ("C:/Program Files/MIKTEX1/tex/generic/pgf/modules/pgfmoduleshapes.code.tex
"
File: pgfmoduleshapes.code.tex 2023-01-15 v3.1.10 (3.1.10)
\pgfnodeparttextbox=\box68
)
("C:/Program Files/MIKTEX1/tex/generic/pgf/modules/pgfmoduleplot.code.tex"
File: pgfmoduleplot.code.tex 2023-01-15 v3.1.10 (3.1.10)
)
("C:/Program Files/MIKTEX1/tex/latex/pgf/compatibility/pgfcomp-version-0-65.sty
"
Package: pgfcomp-version-0-65 2023-01-15 v3.1.10 (3.1.10)
\pgf@nodesepstart=\dimen275
\pgf@nodesepend=\dimen276
)
("C:/Program Files/MIKTEX1/tex/latex/pgf/compatibility/pgfcomp-version-1-18.sty
"
Package: pgfcomp-version-1-18 2023-01-15 v3.1.10 (3.1.10)
)) ("C:/Program Files/MIKTEX1/tex/latex/pgf/utilities/pgffor.sty"
("C:/Program Files/MIKTEX1/tex/latex/pgf/utilities/pgfkeys.sty"
("C:/Program Files/MIKTEX1/tex/generic/pgf/utilities/pgfkeys.code.tex"))
("C:/Program Files/MIKTEX1/tex/latex/pgf/math/pgfmath.sty"
("C:/Program Files/MIKTEX1/tex/generic/pgf/math/pgfmath.code.tex"))
("C:/Program Files/MIKTEX1/tex/generic/pgf/utilities/pgffor.code.tex"
Package: pgffor 2023-01-15 v3.1.10 (3.1.10)
\pgffor@iter=\dimen277
\pgffor@skip=\dimen278
\pgffor@stack=\toks47
\pgffor@toks=\toks48
))
("C:/Program Files/MIKTEX1/tex/generic/pgf/frontendlayer/tikz/tikz.code.tex"
Package: tikz 2023-01-15 v3.1.10 (3.1.10)

("C:/Program Files/MIKTEX1/tex/generic/pgf/libraries/pgflibraryplothandlers.cod
e.tex"
File: pgflibraryplothandlers.code.tex 2023-01-15 v3.1.10 (3.1.10)
\pgf@plot@mark@count=\count348
\pgfplotmarksize=\dimen279
)
\tikz@lastx=\dimen280
\tikz@lasty=\dimen281
\tikz@lastxsaved=\dimen282
\tikz@lastysaved=\dimen283
\tikz@lastmovetox=\dimen284
\tikz@lastmovetoy=\dimen285
\tikzleveldistance=\dimen286
\tikzsiblingdistance=\dimen287
\tikz@figbox=\box69
\tikz@figbox@bg=\box70
\tikz@tempbox=\box71
\tikz@tempbox@bg=\box72
\tikztreelevel=\count349
\tikznumberofchildren=\count350
\tikznumberofcurrentchild=\count351
\tikz@fig@count=\count352

("C:/Program Files/MIKTEX1/tex/generic/pgf/modules/pgfmodulematrix.code.tex"
File: pgfmodulematrix.code.tex 2023-01-15 v3.1.10 (3.1.10)
\pgfmatrixcurrentrow=\count353
\pgfmatrixcurrentcolumn=\count354
\pgf@matrix@numberofcolumns=\count355
)
\tikz@expandcount=\count356

("C:/Program Files/MIKTEX1/tex/generic/pgf/frontendlayer/tikz/libraries/tikzlib
rarytopaths.code.tex"
File: tikzlibrarytopaths.code.tex 2023-01-15 v3.1.10 (3.1.10)
))) ("C:/Program Files/MIKTEX1/tex/latex/tools/verbatim.sty"
Package: verbatim 2024-01-22 v1.5x LaTeX2e package for verbatim enhancements
\every@verbatim=\toks49
\verbatim@line=\toks50
\verbatim@in@stream=\read4
) ("C:/Program Files/MIKTEX1/tex/latex/environ/environ.sty"
Package: environ 2014/05/04 v0.3 A new way to define environments

("C:/Program Files/MIKTEX1/tex/latex/trimspaces/trimspaces.sty"
Package: trimspaces 2009/09/17 v1.1 Trim spaces around a token list
))
\tcb@titlebox=\box73
\tcb@upperbox=\box74
\tcb@lowerbox=\box75
\tcb@phantombox=\box76
\c@tcbbreakpart=\count357
\c@tcblayer=\count358
\c@tcolorbox@number=\count359
\l__tcobox_tmpa_box=\box77
\l__tcobox_tmpa_dim=\dimen288
\tcb@temp=\box78
\tcb@temp=\box79
\tcb@temp=\box80
\tcb@temp=\box81

("C:/Program Files/MIKTEX1/tex/latex/tcolorbox/tcbraster.code.tex"
Library (tcolorbox): 'tcbraster.code.tex' version '6.7.1'
\c@tcbrastercolumn=\count360
\c@tcbrasterrow=\count361
\c@tcbrasternum=\count362
\c@tcbraster=\count363
) ("C:/Program Files/MIKTEX1/tex/latex/tcolorbox/tcbskins.code.tex"
Library (tcolorbox): 'tcbskins.code.tex' version '6.7.1'

(C:/Users/wb164718/AppData/Roaming/MiKTeX/tex/latex/tikzfill/tikzfill.image.sty
Package: tikzfill.image 2023/08/08 v1.0.1 Image filling library for TikZ

(C:/Users/wb164718/AppData/Roaming/MiKTeX/tex/latex/tikzfill/tikzfill-common.st
y
Package: tikzfill-common 2023/08/08 v1.0.1 Auxiliary code for tikzfill
)
(C:/Users/wb164718/AppData/Roaming/MiKTeX/tex/latex/tikzfill/tikzlibraryfill.im
age.code.tex
File: tikzlibraryfill.image.code.tex 2023/08/08 v1.0.1 Image filling library
\l__tikzfill_img_box=\box82
))
("C:/Program Files/MIKTEX1/tex/latex/tcolorbox/tcbskinsjigsaw.code.tex"
Library (tcolorbox): 'tcbskinsjigsaw.code.tex' version '6.7.1'
)) ("C:/Program Files/MIKTEX1/tex/latex/tcolorbox/tcbbreakable.code.tex"
Library (tcolorbox): 'tcbbreakable.code.tex' version '6.7.1'
(C:/Users/wb164718/AppData/Roaming/MiKTeX/tex/latex/pdfcol/pdfcol.sty
Package: pdfcol 2022-09-21 v1.7 Handle new color stacks for pdfTeX (HO)
)
Package pdfcol Info: New color stack `tcb@breakable' = 1 on input line 23.
\tcb@testbox=\box83
\tcb@totalupperbox=\box84
\tcb@totallowerbox=\box85

("C:/Program Files/MIKTEX1/tex/generic/iftex/ifluatex.sty"
Package: ifluatex 2019/10/25 v1.5 ifluatex legacy package. Use iftex instead.
))
("C:/Program Files/MIKTEX1/tex/latex/tcolorbox/tcbhooks.code.tex"
Library (tcolorbox): 'tcbhooks.code.tex' version '6.7.1'
) ("C:/Program Files/MIKTEX1/tex/latex/tcolorbox/tcbtheorems.code.tex"
Library (tcolorbox): 'tcbtheorems.code.tex' version '6.7.1'
) ("C:/Program Files/MIKTEX1/tex/latex/tcolorbox/tcbfitting.code.tex"
Library (tcolorbox): 'tcbfitting.code.tex' version '6.7.1'
\tcbfitdim=\dimen289
\tcb@lowerfitdim=\dimen290
\tcb@upperfitdim=\dimen291
\tcb@cur@hbadness=\count364
) ("C:/Program Files/MIKTEX1/tex/latex/tcolorbox/tcblistingsutf8.code.tex"
Library (tcolorbox): 'tcblistingsutf8.code.tex' version '6.7.1'
("C:/Program Files/MIKTEX1/tex/latex/tcolorbox/tcblistings.code.tex"
Library (tcolorbox): 'tcblistings.code.tex' version '6.7.1'
("C:/Program Files/MIKTEX1/tex/latex/tcolorbox/tcblistingscore.code.tex"
Library (tcolorbox): 'tcblistingscore.code.tex' version '6.7.1'
("C:/Program Files/MIKTEX1/tex/latex/tcolorbox/tcbprocessing.code.tex"
Library (tcolorbox): 'tcbprocessing.code.tex' version '6.7.1'
)
\c@tcblisting=\count365
))
Package tcolorbox Info: Library `listingsutf8' is compatible with pdftex only. 
Library `listings` is loaded instead. on input line 29.
) ("C:/Program Files/MIKTEX1/tex/latex/tcolorbox/tcbexternal.code.tex"
Library (tcolorbox): 'tcbexternal.code.tex' version '6.7.1'
) ("C:/Program Files/MIKTEX1/tex/latex/tcolorbox/tcbmagazine.code.tex"
Library (tcolorbox): 'tcbmagazine.code.tex' version '6.7.1'
) ("C:/Program Files/MIKTEX1/tex/latex/tcolorbox/tcbvignette.code.tex"
Library (tcolorbox): 'tcbvignette.code.tex' version '6.7.1'

("C:/Program Files/MIKTEX1/tex/generic/pgf/frontendlayer/tikz/libraries/tikzlib
raryfadings.code.tex"
File: tikzlibraryfadings.code.tex 2023-01-15 v3.1.10 (3.1.10)

("C:/Program Files/MIKTEX1/tex/generic/pgf/libraries/pgflibraryfadings.code.tex
"
File: pgflibraryfadings.code.tex 2023-01-15 v3.1.10 (3.1.10)
))) ("C:/Program Files/MIKTEX1/tex/latex/tcolorbox/tcbposter.code.tex"
Library (tcolorbox): 'tcbposter.code.tex' version '6.7.1'
))) (./template/generic/captions.tex
(C:/Users/wb164718/AppData/Roaming/MiKTeX/tex/latex/caption/caption.sty
Package: caption 2023/08/05 v3.6o Customizing captions (AR)

(C:/Users/wb164718/AppData/Roaming/MiKTeX/tex/latex/caption/caption3.sty
Package: caption3 2023/07/31 v2.4d caption3 kernel (AR)
\caption@tempdima=\dimen292
\captionmargin=\dimen293
\caption@leftmargin=\dimen294
\caption@rightmargin=\dimen295
\caption@width=\dimen296
\caption@indent=\dimen297
\caption@parindent=\dimen298
\caption@hangindent=\dimen299
Package caption Info: Standard document class detected.
)
\c@caption@flags=\count366
\c@continuedfloat=\count367
Package caption Info: hyperref package is loaded.
Package caption Info: hypcap package is loaded.
Package caption Info: listings package is loaded.
))
(./template/generic/images.tex) (./template/generic/figures.tex
("C:/Program Files/MIKTEX1/tex/generic/pgf/frontendlayer/tikz/libraries/tikzlib
raryarrows.code.tex"
File: tikzlibraryarrows.code.tex 2023-01-15 v3.1.10 (3.1.10)

("C:/Program Files/MIKTEX1/tex/generic/pgf/libraries/pgflibraryarrows.code.tex"
File: pgflibraryarrows.code.tex 2023-01-15 v3.1.10 (3.1.10)
\arrowsize=\dimen300
))
("C:/Program Files/MIKTEX1/tex/generic/pgf/frontendlayer/tikz/libraries/tikzlib
rarybackgrounds.code.tex"
File: tikzlibrarybackgrounds.code.tex 2023-01-15 v3.1.10 (3.1.10)
\pgf@layerbox@background=\box86
\pgf@layerboxsaved@background=\box87
)
("C:/Program Files/MIKTEX1/tex/generic/pgf/frontendlayer/tikz/libraries/tikzlib
rarycalc.code.tex"
File: tikzlibrarycalc.code.tex 2023-01-15 v3.1.10 (3.1.10)
)
("C:/Program Files/MIKTEX1/tex/generic/pgf/frontendlayer/tikz/libraries/tikzlib
raryfit.code.tex"
File: tikzlibraryfit.code.tex 2023-01-15 v3.1.10 (3.1.10)
)
("C:/Program Files/MIKTEX1/tex/generic/pgf/frontendlayer/tikz/libraries/tikzlib
rarymath.code.tex"
("C:/Program Files/MIKTEX1/tex/generic/pgf/frontendlayer/tikz/libraries/tikzlib
raryfpu.code.tex"
("C:/Program Files/MIKTEX1/tex/generic/pgf/libraries/pgflibraryfpu.code.tex"))
\tikz@math@for@depth=\count368
\tikz@math@dimen=\dimen301
\tikz@math@toks=\toks51
)
("C:/Program Files/MIKTEX1/tex/generic/pgf/frontendlayer/tikz/libraries/tikzlib
rarymindmap.code.tex"
File: tikzlibrarymindmap.code.tex 2023-01-15 v3.1.10 (3.1.10)

("C:/Program Files/MIKTEX1/tex/generic/pgf/frontendlayer/tikz/libraries/tikzlib
rarytrees.code.tex"
File: tikzlibrarytrees.code.tex 2023-01-15 v3.1.10 (3.1.10)
)
("C:/Program Files/MIKTEX1/tex/generic/pgf/frontendlayer/tikz/libraries/tikzlib
rarydecorations.code.tex"
("C:/Program Files/MIKTEX1/tex/generic/pgf/modules/pgfmoduledecorations.code.te
x"
\pgfdecoratedcompleteddistance=\dimen302
\pgfdecoratedremainingdistance=\dimen303
\pgfdecoratedinputsegmentcompleteddistance=\dimen304
\pgfdecoratedinputsegmentremainingdistance=\dimen305
\pgf@decorate@distancetomove=\dimen306
\pgf@decorate@repeatstate=\count369
\pgfdecorationsegmentamplitude=\dimen307
\pgfdecorationsegmentlength=\dimen308
)
\tikz@lib@dec@box=\box88
))
("C:/Program Files/MIKTEX1/tex/generic/pgf/frontendlayer/tikz/libraries/tikzlib
rarypositioning.code.tex"
File: tikzlibrarypositioning.code.tex 2023-01-15 v3.1.10 (3.1.10)
)
("C:/Program Files/MIKTEX1/tex/generic/pgf/frontendlayer/tikz/libraries/tikzlib
raryshapes.code.tex"
File: tikzlibraryshapes.code.tex 2023-01-15 v3.1.10 (3.1.10)

("C:/Program Files/MIKTEX1/tex/generic/pgf/frontendlayer/tikz/libraries/tikzlib
raryshapes.geometric.code.tex"
File: tikzlibraryshapes.geometric.code.tex 2023-01-15 v3.1.10 (3.1.10)

("C:/Program Files/MIKTEX1/tex/generic/pgf/libraries/shapes/pgflibraryshapes.ge
ometric.code.tex"
File: pgflibraryshapes.geometric.code.tex 2023-01-15 v3.1.10 (3.1.10)
))
("C:/Program Files/MIKTEX1/tex/generic/pgf/frontendlayer/tikz/libraries/tikzlib
raryshapes.misc.code.tex"
File: tikzlibraryshapes.misc.code.tex 2023-01-15 v3.1.10 (3.1.10)

("C:/Program Files/MIKTEX1/tex/generic/pgf/libraries/shapes/pgflibraryshapes.mi
sc.code.tex"
File: pgflibraryshapes.misc.code.tex 2023-01-15 v3.1.10 (3.1.10)
))
("C:/Program Files/MIKTEX1/tex/generic/pgf/frontendlayer/tikz/libraries/tikzlib
raryshapes.symbols.code.tex"
File: tikzlibraryshapes.symbols.code.tex 2023-01-15 v3.1.10 (3.1.10)

("C:/Program Files/MIKTEX1/tex/generic/pgf/libraries/shapes/pgflibraryshapes.sy
mbols.code.tex"
File: pgflibraryshapes.symbols.code.tex 2023-01-15 v3.1.10 (3.1.10)
))
("C:/Program Files/MIKTEX1/tex/generic/pgf/frontendlayer/tikz/libraries/tikzlib
raryshapes.arrows.code.tex"
File: tikzlibraryshapes.arrows.code.tex 2023-01-15 v3.1.10 (3.1.10)

("C:/Program Files/MIKTEX1/tex/generic/pgf/libraries/shapes/pgflibraryshapes.ar
rows.code.tex"
File: pgflibraryshapes.arrows.code.tex 2023-01-15 v3.1.10 (3.1.10)
))
("C:/Program Files/MIKTEX1/tex/generic/pgf/frontendlayer/tikz/libraries/tikzlib
raryshapes.callouts.code.tex"
("C:/Program Files/MIKTEX1/tex/generic/pgf/libraries/shapes/pgflibraryshapes.ca
llouts.code.tex"))
("C:/Program Files/MIKTEX1/tex/generic/pgf/frontendlayer/tikz/libraries/tikzlib
raryshapes.multipart.code.tex"
File: tikzlibraryshapes.multipart.code.tex 2023-01-15 v3.1.10 (3.1.10)

("C:/Program Files/MIKTEX1/tex/generic/pgf/libraries/shapes/pgflibraryshapes.mu
ltipart.code.tex"
File: pgflibraryshapes.multipart.code.tex 2023-01-15 v3.1.10 (3.1.10)
\pgfnodepartlowerbox=\box89
\pgfnodeparttwobox=\box90
\pgfnodepartthreebox=\box91
\pgfnodepartfourbox=\box92
\pgfnodeparttwentybox=\box93
\pgfnodepartnineteenbox=\box94
\pgfnodeparteighteenbox=\box95
\pgfnodepartseventeenbox=\box96
\pgfnodepartsixteenbox=\box97
\pgfnodepartfifteenbox=\box98
\pgfnodepartfourteenbox=\box99
\pgfnodepartthirteenbox=\box100
\pgfnodeparttwelvebox=\box101
\pgfnodepartelevenbox=\box102
\pgfnodeparttenbox=\box103
\pgfnodepartninebox=\box104
\pgfnodeparteightbox=\box105
\pgfnodepartsevenbox=\box106
\pgfnodepartsixbox=\box107
\pgfnodepartfivebox=\box108
)))
(C:/Users/wb164718/AppData/Roaming/MiKTeX/tex/latex/tikzmark/tikzlibrarytikzmar
k.code.tex
File: tikzlibrarytikzmark.code.tex 2022/08/24 v1.15 TikZ library for marking po
sitions in a document
 ("C:/Program Files/MIKTEX1/tex/latex/l3packages/l3keys2e/l3keys2e.sty"
Package: l3keys2e 2024-08-16 LaTeX2e option processing using LaTeX3 keys
)
\l__sn_x_dim=\dimen309
\l__sn_y_dim=\dimen310
\l__sn_xa_dim=\dimen311
\l__sn_ya_dim=\dimen312
)) (./template/generic/tables.tex
(C:/Users/wb164718/AppData/Roaming/MiKTeX/tex/latex/booktabs/booktabs.sty
Package: booktabs 2020/01/12 v1.61803398 Publication quality tables
\heavyrulewidth=\dimen313
\lightrulewidth=\dimen314
\cmidrulewidth=\dimen315
\belowrulesep=\dimen316
\belowbottomsep=\dimen317
\aboverulesep=\dimen318
\abovetopsep=\dimen319
\cmidrulesep=\dimen320
\cmidrulekern=\dimen321
\defaultaddspace=\dimen322
\@cmidla=\count370
\@cmidlb=\count371
\@aboverulesep=\dimen323
\@belowrulesep=\dimen324
\@thisruleclass=\count372
\@lastruleclass=\count373
\@thisrulewidth=\dimen325
)))
(./template/book/page.tex
(C:/Users/wb164718/AppData/Roaming/MiKTeX/tex/latex/geometry/geometry.sty
Package: geometry 2020/01/02 v5.9 Page Geometry

("C:/Program Files/MIKTEX1/tex/generic/iftex/ifvtex.sty"
Package: ifvtex 2019/10/25 v1.7 ifvtex legacy package. Use iftex instead.
)
\Gm@cnth=\count374
\Gm@cntv=\count375
\c@Gm@tempcnt=\count376
\Gm@bindingoffset=\dimen326
\Gm@wd@mp=\dimen327
\Gm@odd@mp=\dimen328
\Gm@even@mp=\dimen329
\Gm@layoutwidth=\dimen330
\Gm@layoutheight=\dimen331
\Gm@layouthoffset=\dimen332
\Gm@layoutvoffset=\dimen333
\Gm@dimlist=\toks52

(C:/Users/wb164718/AppData/Roaming/MiKTeX/tex/latex/geometry/geometry.cfg)))
(C:/Users/wb164718/AppData/Roaming/MiKTeX/tex/latex/pdflscape/pdflscape.sty
Package: pdflscape 2022-10-27 v0.13 Display of landscape pages in PDF

(C:/Users/wb164718/AppData/Roaming/MiKTeX/tex/latex/pdflscape/pdflscape-nometad
ata.sty
Package: pdflscape-nometadata 2022-10-28 v0.13 Display of landscape pages in PD
F (HO)
 ("C:/Program Files/MIKTEX1/tex/latex/graphics/lscape.sty"
Package: lscape 2020/05/28 v3.02 Landscape Pages (DPC)
)
Package pdflscape Info: Auto-detected driver: pdftex on input line 81.
))
(./template/book/titles.tex) (./template/book/cover.tex)
(./template/book/toc.tex
("C:/Program Files/MIKTEX1/tex/latex/titlesec/titletoc.sty"
Package: titletoc 2025/01/04 v2.17 TOC entries
\ttl@leftsep=\dimen334
))
(./template/book/background.tex
(C:/Users/wb164718/AppData/Roaming/MiKTeX/tex/latex/background/background.sty
Package: background 2014/03/04 v2.1 background material

("C:/Program Files/MIKTEX1/tex/latex/xkeyval/xkeyval.sty"
Package: xkeyval 2022/06/16 v2.9 package option processing (HA)

("C:/Program Files/MIKTEX1/tex/generic/xkeyval/xkeyval.tex"
("C:/Program Files/MIKTEX1/tex/generic/xkeyval/xkvutils.tex"
\XKV@toks=\toks53
\XKV@tempa@toks=\toks54
)
\XKV@depth=\count377
File: xkeyval.tex 2014/12/03 v2.7a key=value parser (HA)
))
(C:/Users/wb164718/AppData/Roaming/MiKTeX/tex/latex/everypage/everypage.sty
Package: everypage 2020/10/17 R2.0b Hooks to run on every page


Package everypage Warning: Functionality similar to this package has recently
(everypage)                been implemented in LaTeX. This package is now in
(everypage)                legacy status.
(everypage)                Please, don't use it in new documents and packages.


Package everypage Warning: You appear to be running a version of LaTeX
(everypage)                providing the new functionality.
(everypage)                Doing the best to deliver the original `everypage`
(everypage)                interface on top of it. Strict equivalence is
(everypage)                not possible, breakage may occur.
(everypage)                If truly needed, Use `everypage-1x` to force the
(everypage)                loading of an older code base.

) ("C:/Program Files/MIKTEX1/tex/latex/tools/afterpage.sty"
Package: afterpage 2023/07/04 v1.08 After-Page Package (DPC)
\AP@output=\toks55
\AP@partial=\box109
\AP@footins=\box110
)))
(./template/book/bibliography.tex
("C:/Program Files/MIKTEX1/tex/latex/biblatex/biblatex.sty"
Package: biblatex 2025/07/10 v3.21 programmable bibliographies (PK/MW)

(C:/Users/wb164718/AppData/Roaming/MiKTeX/tex/latex/logreq/logreq.sty
Package: logreq 2010/08/04 v1.0 xml request logger
\lrq@indent=\count378

(C:/Users/wb164718/AppData/Roaming/MiKTeX/tex/latex/logreq/logreq.def
File: logreq.def 2010/08/04 v1.0 logreq spec v1.0
))
("C:/Program Files/MIKTEX1/tex/latex/base/ifthen.sty"
Package: ifthen 2024/03/16 v1.1e Standard LaTeX ifthen package (DPC)
)
\c@tabx@nest=\count379
\c@listtotal=\count380
\c@listcount=\count381
\c@liststart=\count382
\c@liststop=\count383
\c@citecount=\count384
\c@citetotal=\count385
\c@multicitecount=\count386
\c@multicitetotal=\count387
\c@instcount=\count388
\c@maxnames=\count389
\c@minnames=\count390
\c@maxitems=\count391
\c@minitems=\count392
\c@citecounter=\count393
\c@maxcitecounter=\count394
\c@savedcitecounter=\count395
\c@uniquelist=\count396
\c@uniquename=\count397
\c@refsection=\count398
\c@refsegment=\count399
\c@maxextratitle=\count400
\c@maxextratitleyear=\count401
\c@maxextraname=\count402
\c@maxextradate=\count403
\c@maxextraalpha=\count404
\c@abbrvpenalty=\count405
\c@highnamepenalty=\count406
\c@lownamepenalty=\count407
\c@maxparens=\count408
\c@parenlevel=\count409
\blx@tempcnta=\count410
\blx@tempcntb=\count411
\blx@tempcntc=\count412
\c@blx@maxsection=\count413
\blx@maxsegment@0=\count414
\blx@notetype=\count415
\blx@parenlevel@text=\count416
\blx@parenlevel@foot=\count417
\blx@sectionciteorder@0=\count418
\blx@sectionciteorderinternal@0=\count419
\blx@entrysetcounter=\count420
\blx@biblioinstance=\count421
\labelnumberwidth=\skip78
\labelalphawidth=\skip79
\biblabelsep=\skip80
\bibitemsep=\skip81
\bibnamesep=\skip82
\bibinitsep=\skip83
\bibparsep=\skip84
\bibhang=\skip85
\blx@bcfin=\read5
\blx@bcfout=\write4
\blx@langwohyphens=\language80
\c@mincomprange=\count422
\c@maxcomprange=\count423
\c@mincompwidth=\count424
Package biblatex Info: Trying to load biblatex default data model...
Package biblatex Info: ... file 'blx-dm.def' found.

("C:/Program Files/MIKTEX1/tex/latex/biblatex/blx-dm.def"
File: blx-dm.def 2025/07/10 v3.21 biblatex datamodel (PK/MW)
)
Package biblatex Info: Trying to load biblatex style data model...
Package biblatex Info: ... file 'alphabetic.dbx' not found.
Package biblatex Info: Trying to load biblatex custom data model...
Package biblatex Info: ... file 'biblatex-dm.cfg' not found.
\c@afterword=\count425
\c@savedafterword=\count426
\c@annotator=\count427
\c@savedannotator=\count428
\c@author=\count429
\c@savedauthor=\count430
\c@bookauthor=\count431
\c@savedbookauthor=\count432
\c@commentator=\count433
\c@savedcommentator=\count434
\c@editor=\count435
\c@savededitor=\count436
\c@editora=\count437
\c@savededitora=\count438
\c@editorb=\count439
\c@savededitorb=\count440
\c@editorc=\count441
\c@savededitorc=\count442
\c@foreword=\count443
\c@savedforeword=\count444
\c@holder=\count445
\c@savedholder=\count446
\c@introduction=\count447
\c@savedintroduction=\count448
\c@namea=\count449
\c@savednamea=\count450
\c@nameb=\count451
\c@savednameb=\count452
\c@namec=\count453
\c@savednamec=\count454
\c@translator=\count455
\c@savedtranslator=\count456
\c@shortauthor=\count457
\c@savedshortauthor=\count458
\c@shorteditor=\count459
\c@savedshorteditor=\count460
\c@labelname=\count461
\c@savedlabelname=\count462
\c@institution=\count463
\c@savedinstitution=\count464
\c@lista=\count465
\c@savedlista=\count466
\c@listb=\count467
\c@savedlistb=\count468
\c@listc=\count469
\c@savedlistc=\count470
\c@listd=\count471
\c@savedlistd=\count472
\c@liste=\count473
\c@savedliste=\count474
\c@listf=\count475
\c@savedlistf=\count476
\c@location=\count477
\c@savedlocation=\count478
\c@organization=\count479
\c@savedorganization=\count480
\c@origlocation=\count481
\c@savedoriglocation=\count482
\c@origpublisher=\count483
\c@savedorigpublisher=\count484
\c@publisher=\count485
\c@savedpublisher=\count486
\c@language=\count487
\c@savedlanguage=\count488
\c@origlanguage=\count489
\c@savedoriglanguage=\count490
\c@pageref=\count491
\c@savedpageref=\count492
\shorthandwidth=\skip86
\shortjournalwidth=\skip87
\shortserieswidth=\skip88
\shorttitlewidth=\skip89
\shortauthorwidth=\skip90
\shorteditorwidth=\skip91
\locallabelnumberwidth=\skip92
\locallabelalphawidth=\skip93
\localshorthandwidth=\skip94
\localshortjournalwidth=\skip95
\localshortserieswidth=\skip96
\localshorttitlewidth=\skip97
\localshortauthorwidth=\skip98
\localshorteditorwidth=\skip99
Package biblatex Info: Trying to load enhanced support for Unicode engines...
Package biblatex Info: ... file 'blx-unicode.def' found.

("C:/Program Files/MIKTEX1/tex/latex/biblatex/blx-unicode.def")
Package biblatex Info: Trying to load compatibility code...
Package biblatex Info: ... file 'blx-compat.def' found.

("C:/Program Files/MIKTEX1/tex/latex/biblatex/blx-compat.def"
File: blx-compat.def 2025/07/10 v3.21 biblatex compatibility (PK/MW)
)
Package biblatex Info: Trying to load BibTeX backend compatibility...
Package biblatex Info: ... file 'blx-bibtex.def' found.

("C:/Program Files/MIKTEX1/tex/latex/biblatex/blx-bibtex.def"
File: blx-bibtex.def 2025/07/10 v3.21 biblatex compatibility (PK/MW)


Package biblatex Warning: Using fall-back bibtex backend:
(biblatex)                functionality may be reduced/unavailable.

)
Package biblatex Info: Trying to load generic definitions...
Package biblatex Info: ... file 'biblatex.def' found.
 ("C:/Program Files/MIKTEX1/tex/latex/biblatex/biblatex.def"
File: biblatex.def 2025/07/10 v3.21 biblatex compatibility (PK/MW)
\c@textcitecount=\count493
\c@textcitetotal=\count494
\c@textcitemaxnames=\count495
\c@biburlbigbreakpenalty=\count496
\c@biburlbreakpenalty=\count497
\c@biburlnumpenalty=\count498
\c@biburlucpenalty=\count499
\c@biburllcpenalty=\count500
\biburlbigskip=\muskip19
\biburlnumskip=\muskip20
\biburlucskip=\muskip21
\biburllcskip=\muskip22
\c@smartand=\count501
)
Package biblatex Info: Trying to load bibliography style 'alphabetic'...
Package biblatex Info: ... file 'alphabetic.bbx' found.

("C:/Program Files/MIKTEX1/tex/latex/biblatex/bbx/alphabetic.bbx"
File: alphabetic.bbx 2025/07/10 v3.21 biblatex bibliography style (PK/MW)
Package biblatex Info: Trying to load bibliography style 'standard'...
Package biblatex Info: ... file 'standard.bbx' found.

("C:/Program Files/MIKTEX1/tex/latex/biblatex/bbx/standard.bbx"
File: standard.bbx 2025/07/10 v3.21 biblatex bibliography style (PK/MW)
\c@bbx:relatedcount=\count502
\c@bbx:relatedtotal=\count503
))
Package biblatex Info: Trying to load citation style 'numeric'...
Package biblatex Info: ... file 'numeric.cbx' found.

("C:/Program Files/MIKTEX1/tex/latex/biblatex/cbx/numeric.cbx"
File: numeric.cbx 2025/07/10 v3.21 biblatex citation style (PK/MW)
Package biblatex Info: Redefining '\cite'.
Package biblatex Info: Redefining '\parencite'.
Package biblatex Info: Redefining '\footcite'.
Package biblatex Info: Redefining '\footcitetext'.
Package biblatex Info: Redefining '\smartcite'.
Package biblatex Info: Redefining '\supercite'.
Package biblatex Info: Redefining '\textcite'.
Package biblatex Info: Redefining '\textcites'.
Package biblatex Info: Redefining '\cites'.
Package biblatex Info: Redefining '\parencites'.
Package biblatex Info: Redefining '\smartcites'.
)
Package biblatex Info: Trying to load configuration file...
Package biblatex Info: ... file 'biblatex.cfg' found.

("C:/Program Files/MIKTEX1/tex/latex/biblatex/biblatex.cfg"
File: biblatex.cfg 
)
Package biblatex Info: LuaTeX detected.
(biblatex)             Assuming input encoding 'utf8'.
Package biblatex Info: Document encoding is UTF8 ....
Package biblatex Info: ... and expl3
(biblatex)             2025-07-20 L3 programming layer (loader) 
(biblatex)             is new enough (at least 2020/04/06),
(biblatex)             setting 'casechanger=expl3'.

("C:/Program Files/MIKTEX1/tex/latex/biblatex/blx-case-expl3.sty"
Package: blx-case-expl3 2025/07/10 v3.21 expl3 case changing code for biblatex
))
("C:/Program Files/MIKTEX1/tex/latex/base/makeidx.sty"
Package: makeidx 2021/10/04 v1.0m Standard LaTeX package
)
\@indexfile=\write5

\openout5 = light.idx

Writing index file light.idx
)) (./book.tex
(C:/Users/wb164718/AppData/Roaming/MiKTeX/tex/latex/lipsum/lipsum.sty
Package: lipsum 2021-09-20 v2.7 150 paragraphs of Lorem Ipsum dummy text
\g__lipsum_par_int=\count504
\l__lipsum_a_int=\count505
\l__lipsum_b_int=\count506

(C:/Users/wb164718/AppData/Roaming/MiKTeX/tex/latex/lipsum/lipsum.ltd.tex))

Package biblatex Warning: 'babel/polyglossia' detected but 'csquotes' missing.
(biblatex)                Loading 'csquotes' recommended.

\@quotelevel=\count507
\@quotereset=\count508
(./light.aux)
\openout1 = light.aux

LaTeX Font Info:    Checking defaults for OML/cmm/m/it on input line 3.
LaTeX Font Info:    ... okay on input line 3.
LaTeX Font Info:    Checking defaults for OMS/cmsy/m/n on input line 3.
LaTeX Font Info:    ... okay on input line 3.
LaTeX Font Info:    Checking defaults for OT1/cmr/m/n on input line 3.
LaTeX Font Info:    ... okay on input line 3.
LaTeX Font Info:    Checking defaults for T1/cmr/m/n on input line 3.
LaTeX Font Info:    ... okay on input line 3.
LaTeX Font Info:    Checking defaults for TS1/cmr/m/n on input line 3.
LaTeX Font Info:    ... okay on input line 3.
LaTeX Font Info:    Checking defaults for TU/lmr/m/n on input line 3.
LaTeX Font Info:    ... okay on input line 3.
LaTeX Font Info:    Checking defaults for OMX/cmex/m/n on input line 3.
LaTeX Font Info:    ... okay on input line 3.
LaTeX Font Info:    Checking defaults for U/cmr/m/n on input line 3.
LaTeX Font Info:    ... okay on input line 3.
LaTeX Font Info:    Checking defaults for PD1/pdf/m/n on input line 3.
LaTeX Font Info:    ... okay on input line 3.
LaTeX Font Info:    Checking defaults for PU/pdf/m/n on input line 3.
LaTeX Font Info:    ... okay on input line 3.
 ("C:/Program Files/MIKTEX1/tex/context/base/mkii/supp-pdf.mkii"
[Loading MPS to PDF converter (version 2006.09.02).]
\scratchcounter=\count509
\scratchdimen=\dimen335
\scratchbox=\box111
\nofMPsegments=\count510
\nofMParguments=\count511
\everyMPshowfont=\toks56
\MPscratchCnt=\count512
\MPscratchDim=\dimen336
\MPnumerator=\count513
\makeMPintoPDFobject=\count514
\everyMPtoPDFconversion=\toks57
) ("C:/Program Files/MIKTEX1/tex/latex/epstopdf-pkg/epstopdf-base.sty"
Package: epstopdf-base 2020-01-24 v2.11 Base part for package epstopdf
Package epstopdf-base Info: Redefining graphics rule for `.eps' on input line 4
85.

("C:/Program Files/MIKTEX1/tex/latex/00miktex/epstopdf-sys.cfg"
File: epstopdf-sys.cfg 2021/03/18 v2.0 Configuration of epstopdf for MiKTeX
))

Package fontspec Info: 
(fontspec)             Adjusting the maths setup (use [no-math] to avoid
(fontspec)             this).

\symlegacymaths=\mathgroup6
LaTeX Font Info:    Overwriting symbol font `legacymaths' in version `bold'
(Font)                  OT1/cmr/m/n --> OT1/cmr/bx/n on input line 3.
LaTeX Font Info:    Redeclaring math accent \acute on input line 3.
LaTeX Font Info:    Redeclaring math accent \grave on input line 3.
LaTeX Font Info:    Redeclaring math accent \ddot on input line 3.
LaTeX Font Info:    Redeclaring math accent \tilde on input line 3.
LaTeX Font Info:    Redeclaring math accent \bar on input line 3.
LaTeX Font Info:    Redeclaring math accent \breve on input line 3.
LaTeX Font Info:    Redeclaring math accent \check on input line 3.
LaTeX Font Info:    Redeclaring math accent \hat on input line 3.
LaTeX Font Info:    Redeclaring math accent \dot on input line 3.
LaTeX Font Info:    Redeclaring math accent \mathring on input line 3.
LaTeX Font Info:    Redeclaring math symbol \Gamma on input line 3.
LaTeX Font Info:    Redeclaring math symbol \Delta on input line 3.
LaTeX Font Info:    Redeclaring math symbol \Theta on input line 3.
LaTeX Font Info:    Redeclaring math symbol \Lambda on input line 3.
LaTeX Font Info:    Redeclaring math symbol \Xi on input line 3.
LaTeX Font Info:    Redeclaring math symbol \Pi on input line 3.
LaTeX Font Info:    Redeclaring math symbol \Sigma on input line 3.
LaTeX Font Info:    Redeclaring math symbol \Upsilon on input line 3.
LaTeX Font Info:    Redeclaring math symbol \Phi on input line 3.
LaTeX Font Info:    Redeclaring math symbol \Psi on input line 3.
LaTeX Font Info:    Redeclaring math symbol \Omega on input line 3.
LaTeX Font Info:    Redeclaring math symbol \mathdollar on input line 3.
LaTeX Font Info:    Redeclaring symbol font `operators' on input line 3.
LaTeX Font Info:    Encoding `OT1' has changed to `TU' for symbol font
(Font)              `operators' in the math version `normal' on input line 3.
LaTeX Font Info:    Overwriting symbol font `operators' in version `normal'
(Font)                  OT1/cmr/m/n --> TU/lmr/m/n on input line 3.
LaTeX Font Info:    Encoding `OT1' has changed to `TU' for symbol font
(Font)              `operators' in the math version `bold' on input line 3.
LaTeX Font Info:    Overwriting symbol font `operators' in version `bold'
(Font)                  OT1/cmr/bx/n --> TU/lmr/m/n on input line 3.
LaTeX Font Info:    Overwriting symbol font `operators' in version `normal'
(Font)                  TU/lmr/m/n --> TU/lmr/m/n on input line 3.
LaTeX Font Info:    Overwriting math alphabet `\mathit' in version `normal'
(Font)                  OT1/cmr/m/it --> TU/lmr/m/it on input line 3.
LaTeX Font Info:    Overwriting math alphabet `\mathbf' in version `normal'
(Font)                  OT1/cmr/bx/n --> TU/lmr/b/n on input line 3.
LaTeX Font Info:    Overwriting math alphabet `\mathsf' in version `normal'
(Font)                  OT1/cmss/m/n --> TU/lmss/m/n on input line 3.
LaTeX Font Info:    Overwriting math alphabet `\mathtt' in version `normal'
(Font)                  OT1/cmtt/m/n --> TU/lmtt/m/n on input line 3.
LaTeX Font Info:    Overwriting symbol font `operators' in version `bold'
(Font)                  TU/lmr/m/n --> TU/lmr/b/n on input line 3.
LaTeX Font Info:    Overwriting math alphabet `\mathit' in version `bold'
(Font)                  OT1/cmr/bx/it --> TU/lmr/b/it on input line 3.
LaTeX Font Info:    Overwriting math alphabet `\mathsf' in version `bold'
(Font)                  OT1/cmss/bx/n --> TU/lmss/b/n on input line 3.
LaTeX Font Info:    Overwriting math alphabet `\mathtt' in version `bold'
(Font)                  OT1/cmtt/m/n --> TU/lmtt/b/n on input line 3.
LaTeX Info: Redefining \microtypecontext on input line 3.
Package microtype Info: Applying patch `item' on input line 3.
Package microtype Info: Applying patch `toc' on input line 3.
Package microtype Info: Applying patch `eqnum' on input line 3.
Package microtype Info: Applying patch `footnote' on input line 3.
Package microtype Info: Applying patch `verbatim' on input line 3.
Package microtype Info: Generating PDF output.
Package microtype Info: Character protrusion enabled (level 2).
Package microtype Info: Using default protrusion set `alltext'.
Package microtype Info: Automatic font expansion enabled (level 2),
(microtype)             stretch: 20, shrink: 20, step: 1, non-selected.
Package microtype Info: Using default expansion set `alltext-nott'.


LaTeX Warning: Command \showhyphens   has changed.
               Check if current package is valid.

LaTeX Info: Redefining \showhyphens on input line 3.
Package microtype Info: No adjustment of tracking.
Package microtype Info: No adjustment of spacing.
Package microtype Info: No adjustment of kerning.

(C:/Users/wb164718/AppData/Roaming/MiKTeX/tex/latex/microtype/mt-LatinModernRom
an.cfg
File: mt-LatinModernRoman.cfg 2021/02/21 v1.1 microtype config. file: Latin Mod
ern Roman (RS)
)
Package hyperref Info: Link coloring ON on input line 3.
\c@lstlisting=\count515
Package caption Info: Begin \AtBeginDocument code.
Package caption Info: End \AtBeginDocument code.

*geometry* driver: auto-detecting
*geometry* detected driver: luatex
*geometry* verbose mode - [ preamble ] result:
* driver: luatex
* paper: a4paper
* layout: <same size as paper>
* layoutoffset:(h,v)=(0.0pt,0.0pt)
* modes: 
* h-part:(L,W,R)=(113.81102pt, 426.79135pt, 56.9055pt)
* v-part:(T,H,B)=(56.9055pt, 731.23584pt, 56.9055pt)
* \paperwidth=597.50787pt
* \paperheight=845.04684pt
* \textwidth=426.79135pt
* \textheight=731.23584pt
* \oddsidemargin=41.54103pt
* \evensidemargin=41.54103pt
* \topmargin=-37.36449pt
* \headheight=12.0pt
* \headsep=10.0pt
* \topskip=11.0pt
* \footskip=27.46295pt
* \marginparwidth=62.0pt
* \marginparsep=7.0pt
* \columnsep=10.0pt
* \skip\footins=10.0pt plus 4.0pt minus 2.0pt
* \hoffset=0.0pt
* \voffset=0.0pt
* \mag=1000
* \@twocolumnfalse
* \@twosidefalse
* \@mparswitchfalse
* \@reversemarginfalse
* (1in=72.27pt=25.4mm, 1cm=28.453pt)

Package biblatex Info: Trying to load language 'english'...
Package biblatex Info: ... file 'english.lbx' found.
("C:/Program Files/MIKTEX1/tex/latex/biblatex/lbx/english.lbx"
File: english.lbx 2025/07/10 v3.21 biblatex localization (PK/MW)
)
Package biblatex Info: LuaTeX detected.
(biblatex)             Assuming input encoding 'utf8'.
Package biblatex Info: Automatic encoding selection.
(biblatex)             Assuming data encoding 'utf8'.
Package biblatex Info: LuaTeX detected.
(biblatex)             Assuming input encoding 'utf8'.
Package biblatex Info: Data encoding 'utf8' specified.
(biblatex)             No need to reencode data.

\openout4 = light-blx.bib
Package biblatex Info: Trying to load bibliographic data...
Package biblatex Info: ... file 'light.bbl' not found.

No file light.bbl.
Package biblatex Info: Reference section=0 on input line 3.
Package biblatex Info: Reference segment=0 on input line 3.
*geometry* verbose mode - [ newgeometry ] result:
* driver: luatex
* paper: a4paper
* layout: <same size as paper>
* layoutoffset:(h,v)=(0.0pt,0.0pt)
* modes: 
* h-part:(L,W,R)=(0.0pt, 597.50787pt, 0.0pt)
* v-part:(T,H,B)=(0.0pt, 845.04684pt, 0.0pt)
* \paperwidth=597.50787pt
* \paperheight=845.04684pt
* \textwidth=597.50787pt
* \textheight=845.04684pt
* \oddsidemargin=-72.26999pt
* \evensidemargin=-72.26999pt
* \topmargin=-94.26999pt
* \headheight=12.0pt
* \headsep=10.0pt
* \topskip=11.0pt
* \footskip=27.46295pt
* \marginparwidth=62.0pt
* \marginparsep=7.0pt
* \columnsep=10.0pt
* \skip\footins=10.0pt plus 4.0pt minus 2.0pt
* \hoffset=0.0pt
* \voffset=0.0pt
* \mag=1000
* \@twocolumnfalse
* \@twosidefalse
* \@mparswitchfalse
* \@reversemarginfalse
* (1in=72.27pt=25.4mm, 1cm=28.453pt)

\pgf@layerbox@bg=\box112
\pgf@layerboxsaved@bg=\box113
\pgf@layerbox@fg=\box114
\pgf@layerboxsaved@fg=\box115
LaTeX Font Info:    Font shape `TU/Inconsolata-LGC(0)/m/n' will be
(Font)              scaled to size 10.36302pt on input line 11.
Package microtype Info: Loading generic protrusion settings for font family
(microtype)             `Inconsolata-LGC' (encoding: TU).
(microtype)             For optimal results, create family-specific settings.
(microtype)             See the microtype manual for details.
LaTeX Font Info:    Font shape `TU/Inconsolata-LGC(0)/m/n' will be
(Font)              scaled to size 23.54633pt on input line 11.

LaTeX Font Warning: Font shape `TU/Inconsolata-LGC(0)/m/sc' undefined
(Font)              using `TU/Inconsolata-LGC(0)/m/n' instead on input line 11.



LaTeX Font Warning: Font shape `TU/Inconsolata-LGC(0)/b/sc' undefined
(Font)              using `TU/Inconsolata-LGC(0)/b/n' instead on input line 11.


LaTeX Font Info:    Font shape `TU/Inconsolata-LGC(0)/b/n' will be
(Font)              scaled to size 23.54633pt on input line 11.

Underfull \hbox (badness 10000) in paragraph at lines 11--11
 [][][][]\TU/Inconsolata-LGC(0)/b/n/24.88 PROPAG/Juros por Ed-u-cação[]
 []

LaTeX Font Info:    Font shape `TU/Inconsolata-LGC(0)/m/n' will be
(Font)              scaled to size 13.62808pt on input line 11.
LaTeX Font Info:    Font shape `TU/Inconsolata-LGC(0)/m/sc' will be
(Font)              scaled to size 13.62808pt on input line 11.

Underfull \hbox (badness 10000) in paragraph at lines 11--11
 []\TU/Inconsolata-LGC(0)/m/sc/14.4 Apoio para preparar Plano de Apli-cação[]

 []


Underfull \hbox (badness 10000) in paragraph at lines 11--11
 [][][]\TU/Inconsolata-LGC(0)/m/sc/14.4 Banco Mundi-al/ FGV - DGPE
 []


Underfull \hbox (badness 10000) in paragraph at lines 11--11
 []\TU/Inconsolata-LGC(0)/m/sc/14.4 18/08/2025[]
 []



LaTeX Font Info:    Font shape `TU/Inconsolata-LGC(0)/bx/n' in size <20.74> not
 available
(Font)              Font shape `TU/Inconsolata-LGC(0)/b/n' tried instead on inp
ut line 11.
LaTeX Font Info:    Font shape `TU/Inconsolata-LGC(0)/b/n' will be
(Font)              scaled to size 19.62825pt on input line 11.
[1


{C:/Users/wb164718/AppData/Local/MiKTeX/fonts/map/pdftex/pdftex.map}]

[2

]
LaTeX Font Info:    Font shape `TU/Inconsolata-LGC(0)/m/n' will be
(Font)              scaled to size 11.35675pt on input line 20.
LaTeX Font Info:    Font shape `TU/Inconsolata-LGC(0)/b/n' will be
(Font)              scaled to size 11.35675pt on input line 20.
 (./sections/part0/equipe.tex
LaTeX Font Info:    Font shape `TU/Inconsolata-LGC(0)/b/n' will be
(Font)              scaled to size 10.36302pt on input line 40.
)

[3]
LaTeX Font Info:    Trying to load font information for U+msa on input line 25.

 ("C:/Program Files/MIKTEX1/tex/latex/amsfonts/umsa.fd"
File: umsa.fd 2013/01/14 v3.01 AMS symbols A
)
(C:/Users/wb164718/AppData/Roaming/MiKTeX/tex/latex/microtype/mt-msa.cfg
File: mt-msa.cfg 2006/02/04 v1.1 microtype config. file: AMS symbols (a) (RS)
)
LaTeX Font Info:    Trying to load font information for U+msb on input line 25.


("C:/Program Files/MIKTEX1/tex/latex/amsfonts/umsb.fd"
File: umsb.fd 2013/01/14 v3.01 AMS symbols B
)
(C:/Users/wb164718/AppData/Roaming/MiKTeX/tex/latex/microtype/mt-msb.cfg
File: mt-msb.cfg 2005/06/01 v1.0 microtype config. file: AMS symbols (b) (RS)
)
(C:/Users/wb164718/AppData/Roaming/MiKTeX/tex/latex/microtype/mt-cmr.cfg
File: mt-cmr.cfg 2013/05/19 v2.2 microtype config. file: Computer Modern Roman 
(RS)
)
LaTeX Font Info:    Font shape `TU/Inconsolata-LGC(0)/m/n' will be
(Font)              scaled to size 45.427pt on input line 25.


[4

]
Chapter 1.
LaTeX Font Info:    Font shape `TU/Inconsolata-LGC(0)/m/n' will be
(Font)              scaled to size 19.62825pt on input line 26.
LaTeX Font Info:    Font shape `TU/Inconsolata-LGC(0)/b/n' will be
(Font)              scaled to size 22.7135pt on input line 26.
(./sections/part0/Introdução.tex
("C:/Program Files/MIKTEX1/tex/generic/hyph-utf8/loadhyph/loadhyph-la.tex"
UTF-8 Latin hyphenation patterns
("C:/Program Files/MIKTEX1/tex/generic/hyph-utf8/patterns/tex/hyph-la.tex")))

[5

]
*geometry* verbose mode - [ newgeometry ] result:
* driver: luatex
* paper: a4paper
* layout: <same size as paper>
* layoutoffset:(h,v)=(0.0pt,0.0pt)
* modes: 
* h-part:(L,W,R)=(0.0pt, 507.88078pt, 89.62709pt)
* v-part:(T,H,B)=(101.40665pt, 591.5302pt, 152.11pt)
* \paperwidth=597.50787pt
* \paperheight=845.04684pt
* \textwidth=507.88078pt
* \textheight=591.5302pt
* \oddsidemargin=-72.26999pt
* \evensidemargin=-72.26999pt
* \topmargin=7.13666pt
* \headheight=12.0pt
* \headsep=10.0pt
* \topskip=11.0pt
* \footskip=27.46295pt
* \marginparwidth=62.0pt
* \marginparsep=7.0pt
* \columnsep=10.0pt
* \skip\footins=10.0pt plus 4.0pt minus 2.0pt
* \hoffset=0.0pt
* \voffset=0.0pt
* \mag=1000
* \@twocolumnfalse
* \@twosidefalse
* \@mparswitchfalse
* \@reversemarginfalse
* (1in=72.27pt=25.4mm, 1cm=28.453pt)



Package hyperref Warning: Option `backref' has already been used,
(hyperref)                setting the option has no effect on input line 32.


Package hyperref Warning: Option `pagebackref' has already been used,
(hyperref)                setting the option has no effect on input line 32.


Package hyperref Warning: Option `hyperindex' has already been used,
(hyperref)                setting the option has no effect on input line 32.


Package hyperref Warning: Option `colorlinks' has already been used,
(hyperref)                setting the option has no effect on input line 32.

Package hyperref Info: Option `breaklinks' set `true' on input line 32.

Package hyperref Warning: Option `bookmarks' has already been used,
(hyperref)                setting the option has no effect on input line 32.

Package hyperref Info: Option `bookmarksopen' set `false' on input line 32.

Package hyperref Warning: Token not allowed in a PDF string (Unicode):
(hyperref)                removing `\\' on input line 32.

(./light.toc
Package microtype Info: Loading generic protrusion settings for font family
(microtype)             `lmss' (encoding: TU).
(microtype)             For optimal results, create family-specific settings.
(microtype)             See the microtype manual for details.

Overfull \hbox (22.97252pt too wide) in paragraph at lines 2--2
[][][][][][][]  
 []


Overfull \hbox (22.97252pt too wide) in paragraph at lines 3--3
[][][][][][][]  
 []


Overfull \hbox (22.97252pt too wide) in paragraph at lines 4--4
[][][][][][][]  
 []


Overfull \hbox (22.97252pt too wide) in paragraph at lines 5--5
[][][][][][][]  
 []


Overfull \hbox (22.97252pt too wide) in paragraph at lines 6--6
[][][][][][][]  
 []


Overfull \hbox (22.97252pt too wide) in paragraph at lines 10--10
[][][][][][][]  
 []


Overfull \hbox (22.97252pt too wide) in paragraph at lines 11--11
[][][][][][][]  
 []


Overfull \hbox (22.97252pt too wide) in paragraph at lines 14--14
[][][][][][][]  
 []


Overfull \hbox (22.97252pt too wide) in paragraph at lines 15--15
[][][][][][][]  
 []


Overfull \hbox (22.97252pt too wide) in paragraph at lines 16--16
[][][][][][][]  
 []


Overfull \hbox (22.97252pt too wide) in paragraph at lines 20--20
[][][][][][][]  
 []


Overfull \hbox (22.97252pt too wide) in paragraph at lines 21--21
[][][][][][][]  
 []


Overfull \hbox (22.97252pt too wide) in paragraph at lines 22--22
[][][][][][][]  
 []


Overfull \hbox (22.97252pt too wide) in paragraph at lines 23--23
[][][][][][][]  
 []


Overfull \hbox (22.97252pt too wide) in paragraph at lines 24--24
[][][][][][][]  
 []

)
\tf@toc=\write6

\openout6 = light.toc


[6


]

[7



]
Chapter 2.
(./sections/part1/População.tex
LaTeX Font Info:    Font shape `TU/Inconsolata-LGC(0)/b/n' will be
(Font)              scaled to size 15.14233pt on input line 1.


[8

])

[9]
Chapter 3.
(./sections/part1/CrecimentoEconômico.tex
<images/orange2.jpg, id=137, 246.6816pt x 123.3408pt>
File: images/orange2.jpg Graphic file (type jpg)
<use images/orange2.jpg>
Package luatex.def Info: images/orange2.jpg  used on input line 17.
(luatex.def)             Requested size: 246.68098pt x 123.34048pt.
)

[10

<./images/orange2.jpg>]

[11

]
Chapter 4.
(./sections/part1/dolor.tex
Package microtype Info: Loading generic protrusion settings for font family
(microtype)             `lmtt' (encoding: TU).
(microtype)             For optimal results, create family-specific settings.
(microtype)             See the microtype manual for details.
LaTeX Font Info:    Font shape `TU/lmtt/bx/n' in size <9> not available
(Font)              Font shape `TU/lmtt/b/n' tried instead on input line 26.
)

[12

] (./sections/part1/accumsan.tex
Overfull \hbox (39.80385pt too wide) in paragraph at lines 11--66
[]|  [] 
 []

)

[13]

[14

]
Chapter 5.
(./sections/appendices/consectetur.tex)

[15

]
Chapter 6.
(./sections/appendices/adipiscing.tex

LaTeX Warning: Reference `sec:vestibulum' on page 16 undefined on input line 6.


)

[16

] (./light.lof)
\tf@lof=\write7

\openout7 = light.lof
 (./light.lot)
\tf@lot=\write8

\openout8 = light.lot


[17


]

LaTeX Warning: Empty bibliography on input line 74.

(./light.aux)
 ***********
LaTeX2e <2025-06-01> patch level 1
L3 programming layer <2025-07-20>
 ***********


LaTeX Font Warning: Some font shapes were not available, defaults substituted.


LaTeX Warning: There were undefined references.

Package logreq Info: Writing requests to 'light.run.xml'.

\openout1 = light.run.xml
))

Here is how much of LuaTeX's memory you used:
 49258 strings out of 470118
 195345,2373549 words of node,token memory allocated
 1460 words of node memory still in use:
   32 hlist, 2 vlist, 14 rule, 1 local_par, 4 glue, 4 kern, 1 penalty, 3 glyph, 
89 attribute, 73 glue_spec, 82 attribute_list, 3 write, 24 pdf_literal, 24 pdf_c
olorstack nodes
   avail lists: 1:8,2:11462,3:7382,4:3310,5:2540,6:75,7:6294,8:18,9:6486,10:28,1
1:500
 76175 multiletter control sequences out of 65536+600000
 64 fonts using 5503623 bytes
 131i,15n,123p,1949b,2130s stack positions out of 10000i,1000n,20000p,200000b,200000s
<c:/program files/miktex1/fonts/opentype/public/lm/lmmono9-regular.otf><c:/progr
am files/miktex1/fonts/opentype/public/lm/lmmonolt10-bold.otf><c:/program files/
miktex1/fonts/opentype/public/lm/lmroman9-regular.otf><c:/program files/miktex1/
fonts/opentype/public/lm/lmroman10-italic.otf><c:/program files/miktex1/fonts/op
entype/public/lm/lmsans10-regular.otf><c:/program files/miktex1/fonts/opentype/p
ublic/lm/lmsans10-bold.otf><c:/program files/miktex1/fonts/opentype/public/lm/lm
roman10-bold.otf><c:/program files/miktex1/fonts/opentype/public/lm/lmroman10-re
gular.otf><./template/generic/fonts/inconsolata/Inconsolata-LGC.otf><./template/
generic/fonts/inconsolata/Inconsolata-LGC-Bold.otf><C:/Program Files/MIKTEX1/fon
ts/type1/public/amsfonts/cm/cmmi10.pfb><C:/Program Files/MIKTEX1/fonts/type1/pub
lic/amsfonts/cm/cmmi6.pfb><C:/Program Files/MIKTEX1/fonts/type1/public/amsfonts/
cm/cmmi8.pfb><C:/Program Files/MIKTEX1/fonts/type1/public/amsfonts/cm/cmr10.pfb>
<C:/Program Files/MIKTEX1/fonts/type1/public/amsfonts/cm/cmr8.pfb><C:/Program Fi
les/MIKTEX1/fonts/type1/public/amsfonts/cm/cmsy10.pfb><C:/Program Files/MIKTEX1/
fonts/type1/public/amsfonts/cm/cmsy8.pfb>
Output written on light.pdf (17 pages, 360100 bytes).

PDF statistics: 359 PDF objects out of 1000 (max. 8388607)
 76 named destinations out of 1000 (max. 131072)
 376 words of extra memory for PDF output out of 10000 (max. 100000000)

